
build/release/sys_proc.elf:     file format elf32-littleriscv
build/release/sys_proc.elf
architecture: riscv:rv32, flags 0x00000112:
EXEC_P, HAS_SYMS, D_PAGED
start address 0x80200000

Program Header:
0x70000003 off    0x000033d0 vaddr 0x00000000 paddr 0x00000000 align 2**0
         filesz 0x0000004b memsz 0x00000000 flags r--
    LOAD off    0x00001000 vaddr 0x80200000 paddr 0x80200000 align 2**12
         filesz 0x00001ba8 memsz 0x00001ba8 flags r-x
    LOAD off    0x00003000 vaddr 0x80208000 paddr 0x80208000 align 2**12
         filesz 0x000003d0 memsz 0x00000918 flags rw-

Sections:
Idx Name              Size      VMA       LMA       File off  Algn  Flags
  0 .text             00001ba8  80200000  80200000  00001000  2**3  CONTENTS, ALLOC, LOAD, READONLY, CODE
  1 .rodata           00000290  80208000  80208000  00003000  2**3  CONTENTS, ALLOC, LOAD, READONLY, DATA
  2 .data             00000140  80208290  80208290  00003290  2**3  CONTENTS, ALLOC, LOAD, DATA
  3 .bss              00000548  802083d0  802083d0  000033d0  2**3  ALLOC
  4 .riscv.attributes 0000004b  00000000  00000000  000033d0  2**0  CONTENTS, READONLY
  5 .comment          00000033  00000000  00000000  0000341b  2**0  CONTENTS, READONLY
SYMBOL TABLE:
80200000 l    d  .text	00000000 .text
80208000 l    d  .rodata	00000000 .rodata
80208290 l    d  .data	00000000 .data
802083d0 l    d  .bss	00000000 .bss
00000000 l    d  .riscv.attributes	00000000 .riscv.attributes
00000000 l    d  .comment	00000000 .comment
00000000 l    df *ABS*	00000000 cc8hzzku.o
00000000 l    df *ABS*	00000000 sys_proc.c
802083d0 l     O .bss	00000004 app_ino
802083d4 l     O .bss	00000004 app_pid
80200424 l     F .text	000000a4 sys_spawn
802002b4 l     F .text	00000114 app_spawn
80200270 l     F .text	00000044 app_read
802083d8 l     O .bss	00000004 sys_apps_base
802003c8 l     F .text	0000005c sys_proc_read
00000000 l    df *ABS*	00000000 elf.c
00000000 l    df *ABS*	00000000 print.c
00000000 l    df *ABS*	00000000 servers.c
802083dc l     O .bss	00000004 sender
802083e0 l     O .bss	00000400 buf
00000000 l    df *ABS*	00000000 syscall.c
802083c8 l     O .data	00000004 sc
00000000 l    df *ABS*	00000000 libc_a-atoi.o
00000000 l    df *ABS*	00000000 libc_a-itoa.o
00000000 l    df *ABS*	00000000 libc_a-strtol.o
802011a8 l     F .text	00000284 _strtol_l.isra.0
00000000 l    df *ABS*	00000000 libc_a-utoa.o
00000000 l    df *ABS*	00000000 libc_a-strcat.o
00000000 l    df *ABS*	00000000 libc_a-strncat.o
00000000 l    df *ABS*	00000000 libc_a-strncmp.o
00000000 l    df *ABS*	00000000 libc_a-errno.o
00000000 l    df *ABS*	00000000 libc_a-memset.o
00000000 l    df *ABS*	00000000 libc_a-memcpy.o
00000000 l    df *ABS*	00000000 libc_a-strlen.o
00000000 l    df *ABS*	00000000 libc_a-strcpy.o
00000000 l    df *ABS*	00000000 muldi3.o
00000000 l    df *ABS*	00000000 div.o
8020109c g     F .text	00000090 sys_recv
80201a2c g     F .text	000000a4 strcpy
80201790 g     F .text	0000000c __errno
80200000 g       .text	00000000 app_entry
80201878 g     F .text	00000128 memcpy
80201afc g     F .text	00000048 .hidden __hidden___udivsi3
80201afc g     F .text	00000048 .hidden __udivsi3
802083c4 g     O .data	00000004 earth
80201138 g     F .text	00000070 itoa
8020142c g     F .text	00000020 strtol
802087e0 g     O .bss	00000138 __sf
8020102c g     F .text	00000070 sys_send
802015a0 g     F .text	000000a0 strcat
80201b44 g     F .text	00000010 .hidden __umodsi3
80200f04 g     F .text	000000b4 file_read
80200904 g     F .text	0000014c format_to_str
802016ec g     F .text	000000a4 strncmp
802083c0 g     O .data	00000004 grass
80201ad0 g     F .text	00000024 .hidden __mulsi3
80200c6c g     F .text	00000154 SUCCESS
80201640 g     F .text	000000ac strncat
8020144c g     F .text	00000154 __utoa
80208290 g     O .data	00000010 sys_apps
8020179c g     F .text	000000dc memset
80200010 g     F .text	00000260 main
80201af4 g     F .text	00000084 .hidden __divsi3
80300000 g       *ABS*	00000000 __heap_end
802083cc g     O .data	00000004 _impure_ptr
80208918 g       .riscv.attributes	00000000 __heap_start
80200fb8 g     F .text	00000074 term_write
80200dc0 g     F .text	00000034 exit
80201b78 g     F .text	00000030 .hidden __modsi3
802082a0 g     O .data	00000120 _impure_data
80200b34 g     F .text	00000138 FATAL
8020112c g     F .text	0000000c atoi
80208188 g     O .rodata	00000101 _ctype_
80200df4 g     F .text	00000110 dir_lookup
802019a0 g     F .text	0000008c strlen
80200a50 g     F .text	000000e4 INFO
802004c8 g     F .text	0000043c elf_load



Disassembly of section .text:

80200000 <app_entry>:
app_entry():
80200000:	00052503          	lw	a0,0(a0)
80200004:	80400137          	lui	sp,0x80400
80200008:	008000ef          	jal	80200010 <main>
8020000c:	5b5000ef          	jal	80200dc0 <exit>

80200010 <main>:
main():
80200010:	bd010113          	addi	sp,sp,-1072 # 803ffbd0 <__heap_end+0xffbd0>
80200014:	42112623          	sw	ra,1068(sp)
80200018:	42812423          	sw	s0,1064(sp)
8020001c:	43010413          	addi	s0,sp,1072
80200020:	bca42e23          	sw	a0,-1060(s0)
80200024:	bcb42c23          	sw	a1,-1064(s0)
80200028:	802087b7          	lui	a5,0x80208
8020002c:	00078513          	mv	a0,a5
80200030:	43d000ef          	jal	80200c6c <SUCCESS>
80200034:	20000513          	li	a0,512
80200038:	3ec000ef          	jal	80200424 <sys_spawn>
8020003c:	802087b7          	lui	a5,0x80208
80200040:	3c07a783          	lw	a5,960(a5) # 802083c0 <grass>
80200044:	0107a783          	lw	a5,16(a5)
80200048:	be040713          	addi	a4,s0,-1056
8020004c:	40000693          	li	a3,1024
80200050:	00070613          	mv	a2,a4
80200054:	00000593          	li	a1,0
80200058:	00200513          	li	a0,2
8020005c:	000780e7          	jalr	a5
80200060:	be040793          	addi	a5,s0,-1056
80200064:	00078593          	mv	a1,a5
80200068:	802087b7          	lui	a5,0x80208
8020006c:	02478513          	addi	a0,a5,36 # 80208024 <__modsi3+0x64ac>
80200070:	1e1000ef          	jal	80200a50 <INFO>
80200074:	30000513          	li	a0,768
80200078:	3ac000ef          	jal	80200424 <sys_spawn>
8020007c:	802087b7          	lui	a5,0x80208
80200080:	3c07a783          	lw	a5,960(a5) # 802083c0 <grass>
80200084:	0107a783          	lw	a5,16(a5)
80200088:	be040713          	addi	a4,s0,-1056
8020008c:	40000693          	li	a3,1024
80200090:	00070613          	mv	a2,a4
80200094:	00000593          	li	a1,0
80200098:	00300513          	li	a0,3
8020009c:	000780e7          	jalr	a5
802000a0:	be040793          	addi	a5,s0,-1056
802000a4:	00078593          	mv	a1,a5
802000a8:	802087b7          	lui	a5,0x80208
802000ac:	02478513          	addi	a0,a5,36 # 80208024 <__modsi3+0x64ac>
802000b0:	1a1000ef          	jal	80200a50 <INFO>
802000b4:	40000513          	li	a0,1024
802000b8:	36c000ef          	jal	80200424 <sys_spawn>
802000bc:	be040793          	addi	a5,s0,-1056
802000c0:	fef42423          	sw	a5,-24(s0)
802000c4:	be040793          	addi	a5,s0,-1056
802000c8:	fef42223          	sw	a5,-28(s0)
802000cc:	802087b7          	lui	a5,0x80208
802000d0:	3c07a783          	lw	a5,960(a5) # 802083c0 <grass>
802000d4:	0107a783          	lw	a5,16(a5)
802000d8:	be040613          	addi	a2,s0,-1056
802000dc:	fe040713          	addi	a4,s0,-32
802000e0:	40000693          	li	a3,1024
802000e4:	00070593          	mv	a1,a4
802000e8:	fff00513          	li	a0,-1
802000ec:	000780e7          	jalr	a5
802000f0:	fe842783          	lw	a5,-24(s0)
802000f4:	0007a783          	lw	a5,0(a5)
802000f8:	00200713          	li	a4,2
802000fc:	12e78c63          	beq	a5,a4,80200234 <main+0x224>
80200100:	00200713          	li	a4,2
80200104:	14f76463          	bltu	a4,a5,8020024c <main+0x23c>
80200108:	00078863          	beqz	a5,80200118 <main+0x108>
8020010c:	00100713          	li	a4,1
80200110:	0ae78663          	beq	a5,a4,802001bc <main+0x1ac>
80200114:	1380006f          	j	8020024c <main+0x23c>
80200118:	fe842503          	lw	a0,-24(s0)
8020011c:	198000ef          	jal	802002b4 <app_spawn>
80200120:	00050793          	mv	a5,a0
80200124:	00078713          	mv	a4,a5
80200128:	fe442783          	lw	a5,-28(s0)
8020012c:	00e7a023          	sw	a4,0(a5)
80200130:	fe842783          	lw	a5,-24(s0)
80200134:	0047a783          	lw	a5,4(a5)
80200138:	fff78793          	addi	a5,a5,-1
8020013c:	fe842703          	lw	a4,-24(s0)
80200140:	00579793          	slli	a5,a5,0x5
80200144:	00f707b3          	add	a5,a4,a5
80200148:	0087c703          	lbu	a4,8(a5)
8020014c:	02600793          	li	a5,38
80200150:	00f70c63          	beq	a4,a5,80200168 <main+0x158>
80200154:	fe442783          	lw	a5,-28(s0)
80200158:	0007a783          	lw	a5,0(a5)
8020015c:	00079663          	bnez	a5,80200168 <main+0x158>
80200160:	00100793          	li	a5,1
80200164:	0080006f          	j	8020016c <main+0x15c>
80200168:	00000793          	li	a5,0
8020016c:	fef42623          	sw	a5,-20(s0)
80200170:	fec42783          	lw	a5,-20(s0)
80200174:	02079463          	bnez	a5,8020019c <main+0x18c>
80200178:	fe442783          	lw	a5,-28(s0)
8020017c:	0007a783          	lw	a5,0(a5)
80200180:	00079e63          	bnez	a5,8020019c <main+0x18c>
80200184:	802087b7          	lui	a5,0x80208
80200188:	3d47a783          	lw	a5,980(a5) # 802083d4 <app_pid>
8020018c:	00078593          	mv	a1,a5
80200190:	802087b7          	lui	a5,0x80208
80200194:	04078513          	addi	a0,a5,64 # 80208040 <__modsi3+0x64c8>
80200198:	0b9000ef          	jal	80200a50 <INFO>
8020019c:	802087b7          	lui	a5,0x80208
802001a0:	3c07a783          	lw	a5,960(a5) # 802083c0 <grass>
802001a4:	00c7a783          	lw	a5,12(a5)
802001a8:	00400613          	li	a2,4
802001ac:	fe442583          	lw	a1,-28(s0)
802001b0:	00400513          	li	a0,4
802001b4:	000780e7          	jalr	a5
802001b8:	0b40006f          	j	8020026c <main+0x25c>
802001bc:	802087b7          	lui	a5,0x80208
802001c0:	3c07a783          	lw	a5,960(a5) # 802083c0 <grass>
802001c4:	0047a783          	lw	a5,4(a5)
802001c8:	fe042703          	lw	a4,-32(s0)
802001cc:	00070513          	mv	a0,a4
802001d0:	000780e7          	jalr	a5
802001d4:	fec42783          	lw	a5,-20(s0)
802001d8:	02078a63          	beqz	a5,8020020c <main+0x1fc>
802001dc:	802087b7          	lui	a5,0x80208
802001e0:	3d47a703          	lw	a4,980(a5) # 802083d4 <app_pid>
802001e4:	fe042783          	lw	a5,-32(s0)
802001e8:	02f71263          	bne	a4,a5,8020020c <main+0x1fc>
802001ec:	802087b7          	lui	a5,0x80208
802001f0:	3c07a783          	lw	a5,960(a5) # 802083c0 <grass>
802001f4:	00c7a783          	lw	a5,12(a5)
802001f8:	00400613          	li	a2,4
802001fc:	fe442583          	lw	a1,-28(s0)
80200200:	00400513          	li	a0,4
80200204:	000780e7          	jalr	a5
80200208:	0600006f          	j	80200268 <main+0x258>
8020020c:	802087b7          	lui	a5,0x80208
80200210:	3d47a703          	lw	a4,980(a5) # 802083d4 <app_pid>
80200214:	fe042783          	lw	a5,-32(s0)
80200218:	04f71863          	bne	a4,a5,80200268 <main+0x258>
8020021c:	fe042783          	lw	a5,-32(s0)
80200220:	00078593          	mv	a1,a5
80200224:	802087b7          	lui	a5,0x80208
80200228:	06878513          	addi	a0,a5,104 # 80208068 <__modsi3+0x64f0>
8020022c:	025000ef          	jal	80200a50 <INFO>
80200230:	0380006f          	j	80200268 <main+0x258>
80200234:	802087b7          	lui	a5,0x80208
80200238:	3c07a783          	lw	a5,960(a5) # 802083c0 <grass>
8020023c:	0047a783          	lw	a5,4(a5)
80200240:	fff00513          	li	a0,-1
80200244:	000780e7          	jalr	a5
80200248:	0240006f          	j	8020026c <main+0x25c>
8020024c:	fe842783          	lw	a5,-24(s0)
80200250:	0007a783          	lw	a5,0(a5)
80200254:	00078593          	mv	a1,a5
80200258:	802087b7          	lui	a5,0x80208
8020025c:	08c78513          	addi	a0,a5,140 # 8020808c <__modsi3+0x6514>
80200260:	0d5000ef          	jal	80200b34 <FATAL>
80200264:	e59ff06f          	j	802000bc <main+0xac>
80200268:	00000013          	nop
8020026c:	e51ff06f          	j	802000bc <main+0xac>

80200270 <app_read>:
app_read():
80200270:	fe010113          	addi	sp,sp,-32
80200274:	00112e23          	sw	ra,28(sp)
80200278:	00812c23          	sw	s0,24(sp)
8020027c:	02010413          	addi	s0,sp,32
80200280:	fea42623          	sw	a0,-20(s0)
80200284:	feb42423          	sw	a1,-24(s0)
80200288:	802087b7          	lui	a5,0x80208
8020028c:	3d07a783          	lw	a5,976(a5) # 802083d0 <app_ino>
80200290:	fe842603          	lw	a2,-24(s0)
80200294:	fec42583          	lw	a1,-20(s0)
80200298:	00078513          	mv	a0,a5
8020029c:	469000ef          	jal	80200f04 <file_read>
802002a0:	00000013          	nop
802002a4:	01c12083          	lw	ra,28(sp)
802002a8:	01812403          	lw	s0,24(sp)
802002ac:	02010113          	addi	sp,sp,32
802002b0:	00008067          	ret

802002b4 <app_spawn>:
app_spawn():
802002b4:	fd010113          	addi	sp,sp,-48
802002b8:	02112623          	sw	ra,44(sp)
802002bc:	02812423          	sw	s0,40(sp)
802002c0:	03010413          	addi	s0,sp,48
802002c4:	fca42e23          	sw	a0,-36(s0)
802002c8:	802087b7          	lui	a5,0x80208
802002cc:	0ac78593          	addi	a1,a5,172 # 802080ac <__modsi3+0x6534>
802002d0:	00000513          	li	a0,0
802002d4:	321000ef          	jal	80200df4 <dir_lookup>
802002d8:	fea42623          	sw	a0,-20(s0)
802002dc:	fdc42783          	lw	a5,-36(s0)
802002e0:	00878793          	addi	a5,a5,8
802002e4:	00078593          	mv	a1,a5
802002e8:	fec42503          	lw	a0,-20(s0)
802002ec:	309000ef          	jal	80200df4 <dir_lookup>
802002f0:	00050713          	mv	a4,a0
802002f4:	802087b7          	lui	a5,0x80208
802002f8:	3ce7a823          	sw	a4,976(a5) # 802083d0 <app_ino>
802002fc:	802087b7          	lui	a5,0x80208
80200300:	3d07a783          	lw	a5,976(a5) # 802083d0 <app_ino>
80200304:	0007d663          	bgez	a5,80200310 <app_spawn+0x5c>
80200308:	00100793          	li	a5,1
8020030c:	0a80006f          	j	802003b4 <app_spawn+0x100>
80200310:	fdc42783          	lw	a5,-36(s0)
80200314:	0047a783          	lw	a5,4(a5)
80200318:	fff78793          	addi	a5,a5,-1
8020031c:	fdc42703          	lw	a4,-36(s0)
80200320:	00579793          	slli	a5,a5,0x5
80200324:	00f707b3          	add	a5,a4,a5
80200328:	0087c703          	lbu	a4,8(a5)
8020032c:	02600793          	li	a5,38
80200330:	00f71a63          	bne	a4,a5,80200344 <app_spawn+0x90>
80200334:	fdc42783          	lw	a5,-36(s0)
80200338:	0047a783          	lw	a5,4(a5)
8020033c:	fff78793          	addi	a5,a5,-1
80200340:	00c0006f          	j	8020034c <app_spawn+0x98>
80200344:	fdc42783          	lw	a5,-36(s0)
80200348:	0047a783          	lw	a5,4(a5)
8020034c:	fef42423          	sw	a5,-24(s0)
80200350:	802087b7          	lui	a5,0x80208
80200354:	3c07a783          	lw	a5,960(a5) # 802083c0 <grass>
80200358:	0007a783          	lw	a5,0(a5)
8020035c:	000780e7          	jalr	a5
80200360:	00050713          	mv	a4,a0
80200364:	802087b7          	lui	a5,0x80208
80200368:	3ce7aa23          	sw	a4,980(a5) # 802083d4 <app_pid>
8020036c:	802087b7          	lui	a5,0x80208
80200370:	3d47a703          	lw	a4,980(a5) # 802083d4 <app_pid>
80200374:	fdc42783          	lw	a5,-36(s0)
80200378:	00878793          	addi	a5,a5,8
8020037c:	00078693          	mv	a3,a5
80200380:	fe842603          	lw	a2,-24(s0)
80200384:	802007b7          	lui	a5,0x80200
80200388:	27078593          	addi	a1,a5,624 # 80200270 <app_read>
8020038c:	00070513          	mv	a0,a4
80200390:	138000ef          	jal	802004c8 <elf_load>
80200394:	802087b7          	lui	a5,0x80208
80200398:	3c07a783          	lw	a5,960(a5) # 802083c0 <grass>
8020039c:	0087a783          	lw	a5,8(a5)
802003a0:	80208737          	lui	a4,0x80208
802003a4:	3d472703          	lw	a4,980(a4) # 802083d4 <app_pid>
802003a8:	00070513          	mv	a0,a4
802003ac:	000780e7          	jalr	a5
802003b0:	00000793          	li	a5,0
802003b4:	00078513          	mv	a0,a5
802003b8:	02c12083          	lw	ra,44(sp)
802003bc:	02812403          	lw	s0,40(sp)
802003c0:	03010113          	addi	sp,sp,48
802003c4:	00008067          	ret

802003c8 <sys_proc_read>:
sys_proc_read():
802003c8:	fe010113          	addi	sp,sp,-32
802003cc:	00112e23          	sw	ra,28(sp)
802003d0:	00812c23          	sw	s0,24(sp)
802003d4:	02010413          	addi	s0,sp,32
802003d8:	fea42623          	sw	a0,-20(s0)
802003dc:	feb42423          	sw	a1,-24(s0)
802003e0:	802087b7          	lui	a5,0x80208
802003e4:	3c47a783          	lw	a5,964(a5) # 802083c4 <earth>
802003e8:	0287a783          	lw	a5,40(a5)
802003ec:	80208737          	lui	a4,0x80208
802003f0:	3d872703          	lw	a4,984(a4) # 802083d8 <sys_apps_base>
802003f4:	00070693          	mv	a3,a4
802003f8:	fec42703          	lw	a4,-20(s0)
802003fc:	00e68733          	add	a4,a3,a4
80200400:	fe842603          	lw	a2,-24(s0)
80200404:	00100593          	li	a1,1
80200408:	00070513          	mv	a0,a4
8020040c:	000780e7          	jalr	a5
80200410:	00000013          	nop
80200414:	01c12083          	lw	ra,28(sp)
80200418:	01812403          	lw	s0,24(sp)
8020041c:	02010113          	addi	sp,sp,32
80200420:	00008067          	ret

80200424 <sys_spawn>:
sys_spawn():
80200424:	fd010113          	addi	sp,sp,-48
80200428:	02112623          	sw	ra,44(sp)
8020042c:	02812423          	sw	s0,40(sp)
80200430:	03010413          	addi	s0,sp,48
80200434:	fca42e23          	sw	a0,-36(s0)
80200438:	802087b7          	lui	a5,0x80208
8020043c:	3c07a783          	lw	a5,960(a5) # 802083c0 <grass>
80200440:	0007a783          	lw	a5,0(a5)
80200444:	000780e7          	jalr	a5
80200448:	fea42623          	sw	a0,-20(s0)
8020044c:	fec42783          	lw	a5,-20(s0)
80200450:	fff78793          	addi	a5,a5,-1
80200454:	80208737          	lui	a4,0x80208
80200458:	29070713          	addi	a4,a4,656 # 80208290 <sys_apps>
8020045c:	00279793          	slli	a5,a5,0x2
80200460:	00f707b3          	add	a5,a4,a5
80200464:	0007a783          	lw	a5,0(a5)
80200468:	00078613          	mv	a2,a5
8020046c:	fec42583          	lw	a1,-20(s0)
80200470:	802087b7          	lui	a5,0x80208
80200474:	0e878513          	addi	a0,a5,232 # 802080e8 <__modsi3+0x6570>
80200478:	5d8000ef          	jal	80200a50 <INFO>
8020047c:	fdc42703          	lw	a4,-36(s0)
80200480:	802087b7          	lui	a5,0x80208
80200484:	3ce7ac23          	sw	a4,984(a5) # 802083d8 <sys_apps_base>
80200488:	00000693          	li	a3,0
8020048c:	00000613          	li	a2,0
80200490:	802007b7          	lui	a5,0x80200
80200494:	3c878593          	addi	a1,a5,968 # 802003c8 <sys_proc_read>
80200498:	fec42503          	lw	a0,-20(s0)
8020049c:	02c000ef          	jal	802004c8 <elf_load>
802004a0:	802087b7          	lui	a5,0x80208
802004a4:	3c07a783          	lw	a5,960(a5) # 802083c0 <grass>
802004a8:	0087a783          	lw	a5,8(a5)
802004ac:	fec42503          	lw	a0,-20(s0)
802004b0:	000780e7          	jalr	a5
802004b4:	00000013          	nop
802004b8:	02c12083          	lw	ra,44(sp)
802004bc:	02812403          	lw	s0,40(sp)
802004c0:	03010113          	addi	sp,sp,48
802004c4:	00008067          	ret

802004c8 <elf_load>:
elf_load():
802004c8:	b9010113          	addi	sp,sp,-1136
802004cc:	46112623          	sw	ra,1132(sp)
802004d0:	46812423          	sw	s0,1128(sp)
802004d4:	47010413          	addi	s0,sp,1136
802004d8:	b8a42e23          	sw	a0,-1124(s0)
802004dc:	b8b42c23          	sw	a1,-1128(s0)
802004e0:	b8c42a23          	sw	a2,-1132(s0)
802004e4:	b8d42823          	sw	a3,-1136(s0)
802004e8:	da440713          	addi	a4,s0,-604
802004ec:	b9842783          	lw	a5,-1128(s0)
802004f0:	00070593          	mv	a1,a4
802004f4:	00000513          	li	a0,0
802004f8:	000780e7          	jalr	a5
802004fc:	da440793          	addi	a5,s0,-604
80200500:	fcf42823          	sw	a5,-48(s0)
80200504:	fd042783          	lw	a5,-48(s0)
80200508:	01c7a783          	lw	a5,28(a5)
8020050c:	da440713          	addi	a4,s0,-604
80200510:	00f707b3          	add	a5,a4,a5
80200514:	fcf42623          	sw	a5,-52(s0)
80200518:	fe042623          	sw	zero,-20(s0)
8020051c:	24c0006f          	j	80200768 <elf_load+0x2a0>
80200520:	fec42783          	lw	a5,-20(s0)
80200524:	00579793          	slli	a5,a5,0x5
80200528:	fcc42703          	lw	a4,-52(s0)
8020052c:	00f707b3          	add	a5,a4,a5
80200530:	0087a783          	lw	a5,8(a5)
80200534:	faf42c23          	sw	a5,-72(s0)
80200538:	fb842783          	lw	a5,-72(s0)
8020053c:	2007de63          	bgez	a5,80200758 <elf_load+0x290>
80200540:	fec42783          	lw	a5,-20(s0)
80200544:	00579793          	slli	a5,a5,0x5
80200548:	fcc42703          	lw	a4,-52(s0)
8020054c:	00f707b3          	add	a5,a4,a5
80200550:	0147a783          	lw	a5,20(a5)
80200554:	faf42a23          	sw	a5,-76(s0)
80200558:	fec42783          	lw	a5,-20(s0)
8020055c:	00579793          	slli	a5,a5,0x5
80200560:	fcc42703          	lw	a4,-52(s0)
80200564:	00f707b3          	add	a5,a4,a5
80200568:	0107a783          	lw	a5,16(a5)
8020056c:	faf42823          	sw	a5,-80(s0)
80200570:	fb842783          	lw	a5,-72(s0)
80200574:	00c7d793          	srli	a5,a5,0xc
80200578:	fef42423          	sw	a5,-24(s0)
8020057c:	fb842703          	lw	a4,-72(s0)
80200580:	fb442783          	lw	a5,-76(s0)
80200584:	00f70733          	add	a4,a4,a5
80200588:	000017b7          	lui	a5,0x1
8020058c:	fff78793          	addi	a5,a5,-1 # fff <app_entry-0x801ff001>
80200590:	00f707b3          	add	a5,a4,a5
80200594:	00c7d793          	srli	a5,a5,0xc
80200598:	faf42623          	sw	a5,-84(s0)
8020059c:	fec42783          	lw	a5,-20(s0)
802005a0:	00579793          	slli	a5,a5,0x5
802005a4:	fcc42703          	lw	a4,-52(s0)
802005a8:	00f707b3          	add	a5,a4,a5
802005ac:	0047a783          	lw	a5,4(a5)
802005b0:	0097d793          	srli	a5,a5,0x9
802005b4:	fef42223          	sw	a5,-28(s0)
802005b8:	fc042e23          	sw	zero,-36(s0)
802005bc:	1000006f          	j	802006bc <elf_load+0x1f4>
802005c0:	fdc42703          	lw	a4,-36(s0)
802005c4:	000017b7          	lui	a5,0x1
802005c8:	fff78793          	addi	a5,a5,-1 # fff <app_entry-0x801ff001>
802005cc:	00f777b3          	and	a5,a4,a5
802005d0:	06079063          	bnez	a5,80200630 <elf_load+0x168>
802005d4:	802087b7          	lui	a5,0x80208
802005d8:	3c47a783          	lw	a5,964(a5) # 802083c4 <earth>
802005dc:	0007a783          	lw	a5,0(a5)
802005e0:	000780e7          	jalr	a5
802005e4:	fea42023          	sw	a0,-32(s0)
802005e8:	802087b7          	lui	a5,0x80208
802005ec:	3c47a783          	lw	a5,964(a5) # 802083c4 <earth>
802005f0:	0107a703          	lw	a4,16(a5)
802005f4:	fe842783          	lw	a5,-24(s0)
802005f8:	00178693          	addi	a3,a5,1
802005fc:	fed42423          	sw	a3,-24(s0)
80200600:	fe042603          	lw	a2,-32(s0)
80200604:	00078593          	mv	a1,a5
80200608:	b9c42503          	lw	a0,-1124(s0)
8020060c:	000700e7          	jalr	a4
80200610:	fe042783          	lw	a5,-32(s0)
80200614:	00c79713          	slli	a4,a5,0xc
80200618:	804007b7          	lui	a5,0x80400
8020061c:	00f707b3          	add	a5,a4,a5
80200620:	00001637          	lui	a2,0x1
80200624:	00000593          	li	a1,0
80200628:	00078513          	mv	a0,a5
8020062c:	170010ef          	jal	8020179c <memset>
80200630:	fdc42783          	lw	a5,-36(s0)
80200634:	20078793          	addi	a5,a5,512 # 80400200 <__heap_end+0x100200>
80200638:	fb042703          	lw	a4,-80(s0)
8020063c:	00e7ea63          	bltu	a5,a4,80200650 <elf_load+0x188>
80200640:	fb042703          	lw	a4,-80(s0)
80200644:	fdc42783          	lw	a5,-36(s0)
80200648:	40f707b3          	sub	a5,a4,a5
8020064c:	0080006f          	j	80200654 <elf_load+0x18c>
80200650:	20000793          	li	a5,512
80200654:	faf42223          	sw	a5,-92(s0)
80200658:	fe442783          	lw	a5,-28(s0)
8020065c:	00178713          	addi	a4,a5,1
80200660:	fee42223          	sw	a4,-28(s0)
80200664:	ba440693          	addi	a3,s0,-1116
80200668:	b9842703          	lw	a4,-1128(s0)
8020066c:	00068593          	mv	a1,a3
80200670:	00078513          	mv	a0,a5
80200674:	000700e7          	jalr	a4
80200678:	fe042783          	lw	a5,-32(s0)
8020067c:	00c79713          	slli	a4,a5,0xc
80200680:	fdc42683          	lw	a3,-36(s0)
80200684:	000017b7          	lui	a5,0x1
80200688:	fff78793          	addi	a5,a5,-1 # fff <app_entry-0x801ff001>
8020068c:	00f6f7b3          	and	a5,a3,a5
80200690:	00f70733          	add	a4,a4,a5
80200694:	804007b7          	lui	a5,0x80400
80200698:	00f707b3          	add	a5,a4,a5
8020069c:	ba440713          	addi	a4,s0,-1116
802006a0:	fa442603          	lw	a2,-92(s0)
802006a4:	00070593          	mv	a1,a4
802006a8:	00078513          	mv	a0,a5
802006ac:	1cc010ef          	jal	80201878 <memcpy>
802006b0:	fdc42783          	lw	a5,-36(s0)
802006b4:	20078793          	addi	a5,a5,512 # 80400200 <__heap_end+0x100200>
802006b8:	fcf42e23          	sw	a5,-36(s0)
802006bc:	fdc42703          	lw	a4,-36(s0)
802006c0:	fb042783          	lw	a5,-80(s0)
802006c4:	eef76ee3          	bltu	a4,a5,802005c0 <elf_load+0xf8>
802006c8:	0600006f          	j	80200728 <elf_load+0x260>
802006cc:	802087b7          	lui	a5,0x80208
802006d0:	3c47a783          	lw	a5,964(a5) # 802083c4 <earth>
802006d4:	0007a783          	lw	a5,0(a5)
802006d8:	000780e7          	jalr	a5
802006dc:	faa42423          	sw	a0,-88(s0)
802006e0:	802087b7          	lui	a5,0x80208
802006e4:	3c47a783          	lw	a5,964(a5) # 802083c4 <earth>
802006e8:	0107a703          	lw	a4,16(a5)
802006ec:	fe842783          	lw	a5,-24(s0)
802006f0:	00178693          	addi	a3,a5,1
802006f4:	fed42423          	sw	a3,-24(s0)
802006f8:	fa842603          	lw	a2,-88(s0)
802006fc:	00078593          	mv	a1,a5
80200700:	b9c42503          	lw	a0,-1124(s0)
80200704:	000700e7          	jalr	a4
80200708:	fa842783          	lw	a5,-88(s0)
8020070c:	00c79713          	slli	a4,a5,0xc
80200710:	804007b7          	lui	a5,0x80400
80200714:	00f707b3          	add	a5,a4,a5
80200718:	00001637          	lui	a2,0x1
8020071c:	00000593          	li	a1,0
80200720:	00078513          	mv	a0,a5
80200724:	078010ef          	jal	8020179c <memset>
80200728:	fe842703          	lw	a4,-24(s0)
8020072c:	fac42783          	lw	a5,-84(s0)
80200730:	f8f76ee3          	bltu	a4,a5,802006cc <elf_load+0x204>
80200734:	b9c42703          	lw	a4,-1124(s0)
80200738:	00400793          	li	a5,4
8020073c:	02e7c063          	blt	a5,a4,8020075c <elf_load+0x294>
80200740:	fb842603          	lw	a2,-72(s0)
80200744:	fb042583          	lw	a1,-80(s0)
80200748:	802087b7          	lui	a5,0x80208
8020074c:	10478513          	addi	a0,a5,260 # 80208104 <__modsi3+0x658c>
80200750:	300000ef          	jal	80200a50 <INFO>
80200754:	0080006f          	j	8020075c <elf_load+0x294>
80200758:	00000013          	nop
8020075c:	fec42783          	lw	a5,-20(s0)
80200760:	00178793          	addi	a5,a5,1
80200764:	fef42623          	sw	a5,-20(s0)
80200768:	fd042783          	lw	a5,-48(s0)
8020076c:	02c7d783          	lhu	a5,44(a5)
80200770:	00078713          	mv	a4,a5
80200774:	fec42783          	lw	a5,-20(s0)
80200778:	dae7e4e3          	bltu	a5,a4,80200520 <elf_load+0x58>
8020077c:	802087b7          	lui	a5,0x80208
80200780:	3c47a783          	lw	a5,964(a5) # 802083c4 <earth>
80200784:	0007a783          	lw	a5,0(a5)
80200788:	000780e7          	jalr	a5
8020078c:	fca42423          	sw	a0,-56(s0)
80200790:	802087b7          	lui	a5,0x80208
80200794:	3c47a783          	lw	a5,964(a5) # 802083c4 <earth>
80200798:	0107a783          	lw	a5,16(a5)
8020079c:	fc842603          	lw	a2,-56(s0)
802007a0:	00080737          	lui	a4,0x80
802007a4:	30070593          	addi	a1,a4,768 # 80300 <app_entry-0x8017fd00>
802007a8:	b9c42503          	lw	a0,-1124(s0)
802007ac:	000780e7          	jalr	a5
802007b0:	fc842783          	lw	a5,-56(s0)
802007b4:	00c79713          	slli	a4,a5,0xc
802007b8:	804007b7          	lui	a5,0x80400
802007bc:	00f707b3          	add	a5,a4,a5
802007c0:	fcf42223          	sw	a5,-60(s0)
802007c4:	fc442783          	lw	a5,-60(s0)
802007c8:	00478793          	addi	a5,a5,4 # 80400004 <__heap_end+0x100004>
802007cc:	fcf42023          	sw	a5,-64(s0)
802007d0:	fc042783          	lw	a5,-64(s0)
802007d4:	04078793          	addi	a5,a5,64
802007d8:	faf42e23          	sw	a5,-68(s0)
802007dc:	fc442783          	lw	a5,-60(s0)
802007e0:	b9442703          	lw	a4,-1132(s0)
802007e4:	00e7a023          	sw	a4,0(a5)
802007e8:	b9042783          	lw	a5,-1136(s0)
802007ec:	00078e63          	beqz	a5,80200808 <elf_load+0x340>
802007f0:	b9442783          	lw	a5,-1132(s0)
802007f4:	00579793          	slli	a5,a5,0x5
802007f8:	00078613          	mv	a2,a5
802007fc:	b9042583          	lw	a1,-1136(s0)
80200800:	fbc42503          	lw	a0,-68(s0)
80200804:	074010ef          	jal	80201878 <memcpy>
80200808:	fc042c23          	sw	zero,-40(s0)
8020080c:	03c0006f          	j	80200848 <elf_load+0x380>
80200810:	fd842783          	lw	a5,-40(s0)
80200814:	00579713          	slli	a4,a5,0x5
80200818:	803007b7          	lui	a5,0x80300
8020081c:	04478793          	addi	a5,a5,68 # 80300044 <__heap_end+0x44>
80200820:	00f706b3          	add	a3,a4,a5
80200824:	fd842783          	lw	a5,-40(s0)
80200828:	00279793          	slli	a5,a5,0x2
8020082c:	fc042703          	lw	a4,-64(s0)
80200830:	00f707b3          	add	a5,a4,a5
80200834:	00068713          	mv	a4,a3
80200838:	00e7a023          	sw	a4,0(a5)
8020083c:	fd842783          	lw	a5,-40(s0)
80200840:	00178793          	addi	a5,a5,1
80200844:	fcf42c23          	sw	a5,-40(s0)
80200848:	b9442783          	lw	a5,-1132(s0)
8020084c:	fd842703          	lw	a4,-40(s0)
80200850:	fcf760e3          	bltu	a4,a5,80200810 <elf_load+0x348>
80200854:	802087b7          	lui	a5,0x80208
80200858:	3c47a783          	lw	a5,964(a5) # 802083c4 <earth>
8020085c:	0007a783          	lw	a5,0(a5)
80200860:	000780e7          	jalr	a5
80200864:	fca42423          	sw	a0,-56(s0)
80200868:	802087b7          	lui	a5,0x80208
8020086c:	3c47a783          	lw	a5,964(a5) # 802083c4 <earth>
80200870:	0107a783          	lw	a5,16(a5)
80200874:	fc842603          	lw	a2,-56(s0)
80200878:	00080737          	lui	a4,0x80
8020087c:	30170593          	addi	a1,a4,769 # 80301 <app_entry-0x8017fcff>
80200880:	b9c42503          	lw	a0,-1124(s0)
80200884:	000780e7          	jalr	a5
80200888:	00100793          	li	a5,1
8020088c:	fcf42a23          	sw	a5,-44(s0)
80200890:	0500006f          	j	802008e0 <elf_load+0x418>
80200894:	802087b7          	lui	a5,0x80208
80200898:	3c47a783          	lw	a5,964(a5) # 802083c4 <earth>
8020089c:	0007a783          	lw	a5,0(a5)
802008a0:	000780e7          	jalr	a5
802008a4:	fca42423          	sw	a0,-56(s0)
802008a8:	802087b7          	lui	a5,0x80208
802008ac:	3c47a783          	lw	a5,964(a5) # 802083c4 <earth>
802008b0:	0107a783          	lw	a5,16(a5)
802008b4:	00080737          	lui	a4,0x80
802008b8:	40070693          	addi	a3,a4,1024 # 80400 <app_entry-0x8017fc00>
802008bc:	fd442703          	lw	a4,-44(s0)
802008c0:	40e68733          	sub	a4,a3,a4
802008c4:	fc842603          	lw	a2,-56(s0)
802008c8:	00070593          	mv	a1,a4
802008cc:	b9c42503          	lw	a0,-1124(s0)
802008d0:	000780e7          	jalr	a5
802008d4:	fd442783          	lw	a5,-44(s0)
802008d8:	00178793          	addi	a5,a5,1
802008dc:	fcf42a23          	sw	a5,-44(s0)
802008e0:	fd442703          	lw	a4,-44(s0)
802008e4:	00200793          	li	a5,2
802008e8:	fae7f6e3          	bgeu	a5,a4,80200894 <elf_load+0x3cc>
802008ec:	00000013          	nop
802008f0:	00000013          	nop
802008f4:	46c12083          	lw	ra,1132(sp)
802008f8:	46812403          	lw	s0,1128(sp)
802008fc:	47010113          	addi	sp,sp,1136
80200900:	00008067          	ret

80200904 <format_to_str>:
format_to_str():
80200904:	fe010113          	addi	sp,sp,-32
80200908:	00112e23          	sw	ra,28(sp)
8020090c:	00812c23          	sw	s0,24(sp)
80200910:	00912a23          	sw	s1,20(sp)
80200914:	02010413          	addi	s0,sp,32
80200918:	fea42623          	sw	a0,-20(s0)
8020091c:	feb42423          	sw	a1,-24(s0)
80200920:	fec42223          	sw	a2,-28(s0)
80200924:	fec42783          	lw	a5,-20(s0)
80200928:	00078023          	sb	zero,0(a5)
8020092c:	0fc0006f          	j	80200a28 <format_to_str+0x124>
80200930:	fe842783          	lw	a5,-24(s0)
80200934:	0007c703          	lbu	a4,0(a5)
80200938:	02500793          	li	a5,37
8020093c:	00f70c63          	beq	a4,a5,80200954 <format_to_str+0x50>
80200940:	00100613          	li	a2,1
80200944:	fe842583          	lw	a1,-24(s0)
80200948:	fec42503          	lw	a0,-20(s0)
8020094c:	4f5000ef          	jal	80201640 <strncat>
80200950:	0cc0006f          	j	80200a1c <format_to_str+0x118>
80200954:	fe842783          	lw	a5,-24(s0)
80200958:	00178793          	addi	a5,a5,1
8020095c:	fef42423          	sw	a5,-24(s0)
80200960:	fe842783          	lw	a5,-24(s0)
80200964:	0007c703          	lbu	a4,0(a5)
80200968:	07300793          	li	a5,115
8020096c:	02f71263          	bne	a4,a5,80200990 <format_to_str+0x8c>
80200970:	fe442783          	lw	a5,-28(s0)
80200974:	00478713          	addi	a4,a5,4
80200978:	fee42223          	sw	a4,-28(s0)
8020097c:	0007a783          	lw	a5,0(a5)
80200980:	00078593          	mv	a1,a5
80200984:	fec42503          	lw	a0,-20(s0)
80200988:	419000ef          	jal	802015a0 <strcat>
8020098c:	0900006f          	j	80200a1c <format_to_str+0x118>
80200990:	fe842783          	lw	a5,-24(s0)
80200994:	0007c703          	lbu	a4,0(a5)
80200998:	06400793          	li	a5,100
8020099c:	02f71e63          	bne	a4,a5,802009d8 <format_to_str+0xd4>
802009a0:	fe442783          	lw	a5,-28(s0)
802009a4:	00478713          	addi	a4,a5,4
802009a8:	fee42223          	sw	a4,-28(s0)
802009ac:	0007a483          	lw	s1,0(a5)
802009b0:	fec42503          	lw	a0,-20(s0)
802009b4:	7ed000ef          	jal	802019a0 <strlen>
802009b8:	00050713          	mv	a4,a0
802009bc:	fec42783          	lw	a5,-20(s0)
802009c0:	00e787b3          	add	a5,a5,a4
802009c4:	00a00613          	li	a2,10
802009c8:	00078593          	mv	a1,a5
802009cc:	00048513          	mv	a0,s1
802009d0:	768000ef          	jal	80201138 <itoa>
802009d4:	0480006f          	j	80200a1c <format_to_str+0x118>
802009d8:	fe842783          	lw	a5,-24(s0)
802009dc:	0007c703          	lbu	a4,0(a5)
802009e0:	07800793          	li	a5,120
802009e4:	02f71c63          	bne	a4,a5,80200a1c <format_to_str+0x118>
802009e8:	fe442783          	lw	a5,-28(s0)
802009ec:	00478713          	addi	a4,a5,4
802009f0:	fee42223          	sw	a4,-28(s0)
802009f4:	0007a483          	lw	s1,0(a5)
802009f8:	fec42503          	lw	a0,-20(s0)
802009fc:	7a5000ef          	jal	802019a0 <strlen>
80200a00:	00050713          	mv	a4,a0
80200a04:	fec42783          	lw	a5,-20(s0)
80200a08:	00e787b3          	add	a5,a5,a4
80200a0c:	01000613          	li	a2,16
80200a10:	00078593          	mv	a1,a5
80200a14:	00048513          	mv	a0,s1
80200a18:	720000ef          	jal	80201138 <itoa>
80200a1c:	fe842783          	lw	a5,-24(s0)
80200a20:	00178793          	addi	a5,a5,1
80200a24:	fef42423          	sw	a5,-24(s0)
80200a28:	fe842783          	lw	a5,-24(s0)
80200a2c:	0007c783          	lbu	a5,0(a5)
80200a30:	f00790e3          	bnez	a5,80200930 <format_to_str+0x2c>
80200a34:	00000013          	nop
80200a38:	00000013          	nop
80200a3c:	01c12083          	lw	ra,28(sp)
80200a40:	01812403          	lw	s0,24(sp)
80200a44:	01412483          	lw	s1,20(sp)
80200a48:	02010113          	addi	sp,sp,32
80200a4c:	00008067          	ret

80200a50 <INFO>:
INFO():
80200a50:	db010113          	addi	sp,sp,-592
80200a54:	22112623          	sw	ra,556(sp)
80200a58:	22812423          	sw	s0,552(sp)
80200a5c:	23010413          	addi	s0,sp,560
80200a60:	dca42e23          	sw	a0,-548(s0)
80200a64:	00b42223          	sw	a1,4(s0)
80200a68:	00c42423          	sw	a2,8(s0)
80200a6c:	00d42623          	sw	a3,12(s0)
80200a70:	00e42823          	sw	a4,16(s0)
80200a74:	00f42a23          	sw	a5,20(s0)
80200a78:	01042c23          	sw	a6,24(s0)
80200a7c:	01142e23          	sw	a7,28(s0)
80200a80:	df040793          	addi	a5,s0,-528
80200a84:	464e5737          	lui	a4,0x464e5
80200a88:	95b70713          	addi	a4,a4,-1701 # 464e495b <app_entry-0x39d1b6a5>
80200a8c:	00e7a023          	sw	a4,0(a5)
80200a90:	00206737          	lui	a4,0x206
80200a94:	d4f70713          	addi	a4,a4,-689 # 205d4f <app_entry-0x7fffa2b1>
80200a98:	00e7a223          	sw	a4,4(a5)
80200a9c:	02040793          	addi	a5,s0,32
80200aa0:	dcf42c23          	sw	a5,-552(s0)
80200aa4:	dd842783          	lw	a5,-552(s0)
80200aa8:	fe478793          	addi	a5,a5,-28
80200aac:	def42623          	sw	a5,-532(s0)
80200ab0:	df040793          	addi	a5,s0,-528
80200ab4:	00778793          	addi	a5,a5,7
80200ab8:	dec42703          	lw	a4,-532(s0)
80200abc:	00070613          	mv	a2,a4
80200ac0:	ddc42583          	lw	a1,-548(s0)
80200ac4:	00078513          	mv	a0,a5
80200ac8:	e3dff0ef          	jal	80200904 <format_to_str>
80200acc:	df040793          	addi	a5,s0,-528
80200ad0:	00078513          	mv	a0,a5
80200ad4:	6cd000ef          	jal	802019a0 <strlen>
80200ad8:	00050793          	mv	a5,a0
80200adc:	00078713          	mv	a4,a5
80200ae0:	df040793          	addi	a5,s0,-528
80200ae4:	00e787b3          	add	a5,a5,a4
80200ae8:	00a00713          	li	a4,10
80200aec:	00e78023          	sb	a4,0(a5)
80200af0:	00d00713          	li	a4,13
80200af4:	00e780a3          	sb	a4,1(a5)
80200af8:	00078123          	sb	zero,2(a5)
80200afc:	df040793          	addi	a5,s0,-528
80200b00:	00078513          	mv	a0,a5
80200b04:	69d000ef          	jal	802019a0 <strlen>
80200b08:	00050713          	mv	a4,a0
80200b0c:	df040793          	addi	a5,s0,-528
80200b10:	00070593          	mv	a1,a4
80200b14:	00078513          	mv	a0,a5
80200b18:	4a0000ef          	jal	80200fb8 <term_write>
80200b1c:	00000013          	nop
80200b20:	00078513          	mv	a0,a5
80200b24:	22c12083          	lw	ra,556(sp)
80200b28:	22812403          	lw	s0,552(sp)
80200b2c:	25010113          	addi	sp,sp,592
80200b30:	00008067          	ret

80200b34 <FATAL>:
FATAL():
80200b34:	db010113          	addi	sp,sp,-592
80200b38:	22112623          	sw	ra,556(sp)
80200b3c:	22812423          	sw	s0,552(sp)
80200b40:	23010413          	addi	s0,sp,560
80200b44:	dca42e23          	sw	a0,-548(s0)
80200b48:	00b42223          	sw	a1,4(s0)
80200b4c:	00c42423          	sw	a2,8(s0)
80200b50:	00d42623          	sw	a3,12(s0)
80200b54:	00e42823          	sw	a4,16(s0)
80200b58:	00f42a23          	sw	a5,20(s0)
80200b5c:	01042c23          	sw	a6,24(s0)
80200b60:	01142e23          	sw	a7,28(s0)
80200b64:	df040793          	addi	a5,s0,-528
80200b68:	80208737          	lui	a4,0x80208
80200b6c:	11c70713          	addi	a4,a4,284 # 8020811c <__modsi3+0x65a4>
80200b70:	00072583          	lw	a1,0(a4)
80200b74:	00472603          	lw	a2,4(a4)
80200b78:	00872683          	lw	a3,8(a4)
80200b7c:	00c72703          	lw	a4,12(a4)
80200b80:	00b7a023          	sw	a1,0(a5)
80200b84:	00c7a223          	sw	a2,4(a5)
80200b88:	00d7a423          	sw	a3,8(a5)
80200b8c:	00e7a623          	sw	a4,12(a5)
80200b90:	02040793          	addi	a5,s0,32
80200b94:	dcf42c23          	sw	a5,-552(s0)
80200b98:	dd842783          	lw	a5,-552(s0)
80200b9c:	fe478793          	addi	a5,a5,-28
80200ba0:	def42623          	sw	a5,-532(s0)
80200ba4:	df040793          	addi	a5,s0,-528
80200ba8:	00f78793          	addi	a5,a5,15
80200bac:	dec42703          	lw	a4,-532(s0)
80200bb0:	00070613          	mv	a2,a4
80200bb4:	ddc42583          	lw	a1,-548(s0)
80200bb8:	00078513          	mv	a0,a5
80200bbc:	d49ff0ef          	jal	80200904 <format_to_str>
80200bc0:	df040793          	addi	a5,s0,-528
80200bc4:	00078513          	mv	a0,a5
80200bc8:	5d9000ef          	jal	802019a0 <strlen>
80200bcc:	00050793          	mv	a5,a0
80200bd0:	00078713          	mv	a4,a5
80200bd4:	df040793          	addi	a5,s0,-528
80200bd8:	00e787b3          	add	a5,a5,a4
80200bdc:	80208737          	lui	a4,0x80208
80200be0:	12c70713          	addi	a4,a4,300 # 8020812c <__modsi3+0x65b4>
80200be4:	00074683          	lbu	a3,0(a4)
80200be8:	00068e13          	mv	t3,a3
80200bec:	00174683          	lbu	a3,1(a4)
80200bf0:	00068313          	mv	t1,a3
80200bf4:	00274683          	lbu	a3,2(a4)
80200bf8:	00068893          	mv	a7,a3
80200bfc:	00374683          	lbu	a3,3(a4)
80200c00:	00068813          	mv	a6,a3
80200c04:	00474683          	lbu	a3,4(a4)
80200c08:	00068513          	mv	a0,a3
80200c0c:	00574683          	lbu	a3,5(a4)
80200c10:	00068593          	mv	a1,a3
80200c14:	00674683          	lbu	a3,6(a4)
80200c18:	00068613          	mv	a2,a3
80200c1c:	00774683          	lbu	a3,7(a4)
80200c20:	00874703          	lbu	a4,8(a4)
80200c24:	01c78023          	sb	t3,0(a5)
80200c28:	006780a3          	sb	t1,1(a5)
80200c2c:	01178123          	sb	a7,2(a5)
80200c30:	010781a3          	sb	a6,3(a5)
80200c34:	00a78223          	sb	a0,4(a5)
80200c38:	00b782a3          	sb	a1,5(a5)
80200c3c:	00c78323          	sb	a2,6(a5)
80200c40:	00d783a3          	sb	a3,7(a5)
80200c44:	00e78423          	sb	a4,8(a5)
80200c48:	df040793          	addi	a5,s0,-528
80200c4c:	00078513          	mv	a0,a5
80200c50:	551000ef          	jal	802019a0 <strlen>
80200c54:	00050713          	mv	a4,a0
80200c58:	df040793          	addi	a5,s0,-528
80200c5c:	00070593          	mv	a1,a4
80200c60:	00078513          	mv	a0,a5
80200c64:	354000ef          	jal	80200fb8 <term_write>
80200c68:	0000006f          	j	80200c68 <FATAL+0x134>

80200c6c <SUCCESS>:
SUCCESS():
80200c6c:	db010113          	addi	sp,sp,-592
80200c70:	22112623          	sw	ra,556(sp)
80200c74:	22812423          	sw	s0,552(sp)
80200c78:	23010413          	addi	s0,sp,560
80200c7c:	dca42e23          	sw	a0,-548(s0)
80200c80:	00b42223          	sw	a1,4(s0)
80200c84:	00c42423          	sw	a2,8(s0)
80200c88:	00d42623          	sw	a3,12(s0)
80200c8c:	00e42823          	sw	a4,16(s0)
80200c90:	00f42a23          	sw	a5,20(s0)
80200c94:	01042c23          	sw	a6,24(s0)
80200c98:	01142e23          	sw	a7,28(s0)
80200c9c:	df040793          	addi	a5,s0,-528
80200ca0:	80208737          	lui	a4,0x80208
80200ca4:	13870713          	addi	a4,a4,312 # 80208138 <__modsi3+0x65c0>
80200ca8:	00072503          	lw	a0,0(a4)
80200cac:	00472583          	lw	a1,4(a4)
80200cb0:	00872603          	lw	a2,8(a4)
80200cb4:	00c72683          	lw	a3,12(a4)
80200cb8:	00a7a023          	sw	a0,0(a5)
80200cbc:	00b7a223          	sw	a1,4(a5)
80200cc0:	00c7a423          	sw	a2,8(a5)
80200cc4:	00d7a623          	sw	a3,12(a5)
80200cc8:	01075703          	lhu	a4,16(a4)
80200ccc:	00e79823          	sh	a4,16(a5)
80200cd0:	02040793          	addi	a5,s0,32
80200cd4:	dcf42c23          	sw	a5,-552(s0)
80200cd8:	dd842783          	lw	a5,-552(s0)
80200cdc:	fe478793          	addi	a5,a5,-28
80200ce0:	def42623          	sw	a5,-532(s0)
80200ce4:	df040793          	addi	a5,s0,-528
80200ce8:	01178793          	addi	a5,a5,17
80200cec:	dec42703          	lw	a4,-532(s0)
80200cf0:	00070613          	mv	a2,a4
80200cf4:	ddc42583          	lw	a1,-548(s0)
80200cf8:	00078513          	mv	a0,a5
80200cfc:	c09ff0ef          	jal	80200904 <format_to_str>
80200d00:	df040793          	addi	a5,s0,-528
80200d04:	00078513          	mv	a0,a5
80200d08:	499000ef          	jal	802019a0 <strlen>
80200d0c:	00050793          	mv	a5,a0
80200d10:	00078713          	mv	a4,a5
80200d14:	df040793          	addi	a5,s0,-528
80200d18:	00e787b3          	add	a5,a5,a4
80200d1c:	80208737          	lui	a4,0x80208
80200d20:	12c70713          	addi	a4,a4,300 # 8020812c <__modsi3+0x65b4>
80200d24:	00074683          	lbu	a3,0(a4)
80200d28:	00068e13          	mv	t3,a3
80200d2c:	00174683          	lbu	a3,1(a4)
80200d30:	00068313          	mv	t1,a3
80200d34:	00274683          	lbu	a3,2(a4)
80200d38:	00068893          	mv	a7,a3
80200d3c:	00374683          	lbu	a3,3(a4)
80200d40:	00068813          	mv	a6,a3
80200d44:	00474683          	lbu	a3,4(a4)
80200d48:	00068513          	mv	a0,a3
80200d4c:	00574683          	lbu	a3,5(a4)
80200d50:	00068593          	mv	a1,a3
80200d54:	00674683          	lbu	a3,6(a4)
80200d58:	00068613          	mv	a2,a3
80200d5c:	00774683          	lbu	a3,7(a4)
80200d60:	00874703          	lbu	a4,8(a4)
80200d64:	01c78023          	sb	t3,0(a5)
80200d68:	006780a3          	sb	t1,1(a5)
80200d6c:	01178123          	sb	a7,2(a5)
80200d70:	010781a3          	sb	a6,3(a5)
80200d74:	00a78223          	sb	a0,4(a5)
80200d78:	00b782a3          	sb	a1,5(a5)
80200d7c:	00c78323          	sb	a2,6(a5)
80200d80:	00d783a3          	sb	a3,7(a5)
80200d84:	00e78423          	sb	a4,8(a5)
80200d88:	df040793          	addi	a5,s0,-528
80200d8c:	00078513          	mv	a0,a5
80200d90:	411000ef          	jal	802019a0 <strlen>
80200d94:	00050713          	mv	a4,a0
80200d98:	df040793          	addi	a5,s0,-528
80200d9c:	00070593          	mv	a1,a4
80200da0:	00078513          	mv	a0,a5
80200da4:	214000ef          	jal	80200fb8 <term_write>
80200da8:	00000013          	nop
80200dac:	00078513          	mv	a0,a5
80200db0:	22c12083          	lw	ra,556(sp)
80200db4:	22812403          	lw	s0,552(sp)
80200db8:	25010113          	addi	sp,sp,592
80200dbc:	00008067          	ret

80200dc0 <exit>:
exit():
80200dc0:	dd010113          	addi	sp,sp,-560
80200dc4:	22112623          	sw	ra,556(sp)
80200dc8:	22812423          	sw	s0,552(sp)
80200dcc:	23010413          	addi	s0,sp,560
80200dd0:	dca42e23          	sw	a0,-548(s0)
80200dd4:	00100793          	li	a5,1
80200dd8:	def42423          	sw	a5,-536(s0)
80200ddc:	de840793          	addi	a5,s0,-536
80200de0:	20800613          	li	a2,520
80200de4:	00078593          	mv	a1,a5
80200de8:	00100513          	li	a0,1
80200dec:	240000ef          	jal	8020102c <sys_send>
80200df0:	0000006f          	j	80200df0 <exit+0x30>

80200df4 <dir_lookup>:
dir_lookup():
80200df4:	dd010113          	addi	sp,sp,-560
80200df8:	22112623          	sw	ra,556(sp)
80200dfc:	22812423          	sw	s0,552(sp)
80200e00:	23010413          	addi	s0,sp,560
80200e04:	dca42e23          	sw	a0,-548(s0)
80200e08:	dcb42c23          	sw	a1,-552(s0)
80200e0c:	de840793          	addi	a5,s0,-536
80200e10:	00078613          	mv	a2,a5
80200e14:	00000593          	li	a1,0
80200e18:	ddc42503          	lw	a0,-548(s0)
80200e1c:	0e8000ef          	jal	80200f04 <file_read>
80200e20:	fe042623          	sw	zero,-20(s0)
80200e24:	dd842503          	lw	a0,-552(s0)
80200e28:	379000ef          	jal	802019a0 <strlen>
80200e2c:	fea42423          	sw	a0,-24(s0)
80200e30:	09c0006f          	j	80200ecc <dir_lookup+0xd8>
80200e34:	de840713          	addi	a4,s0,-536
80200e38:	fec42783          	lw	a5,-20(s0)
80200e3c:	00f707b3          	add	a5,a4,a5
80200e40:	fe842603          	lw	a2,-24(s0)
80200e44:	00078593          	mv	a1,a5
80200e48:	dd842503          	lw	a0,-552(s0)
80200e4c:	0a1000ef          	jal	802016ec <strncmp>
80200e50:	00050793          	mv	a5,a0
80200e54:	06079663          	bnez	a5,80200ec0 <dir_lookup+0xcc>
80200e58:	fec42703          	lw	a4,-20(s0)
80200e5c:	fe842783          	lw	a5,-24(s0)
80200e60:	00f707b3          	add	a5,a4,a5
80200e64:	ff078793          	addi	a5,a5,-16
80200e68:	008787b3          	add	a5,a5,s0
80200e6c:	df87c703          	lbu	a4,-520(a5)
80200e70:	02000793          	li	a5,32
80200e74:	04f71663          	bne	a4,a5,80200ec0 <dir_lookup+0xcc>
80200e78:	fec42783          	lw	a5,-20(s0)
80200e7c:	02078063          	beqz	a5,80200e9c <dir_lookup+0xa8>
80200e80:	fec42783          	lw	a5,-20(s0)
80200e84:	fff78793          	addi	a5,a5,-1
80200e88:	ff078793          	addi	a5,a5,-16
80200e8c:	008787b3          	add	a5,a5,s0
80200e90:	df87c703          	lbu	a4,-520(a5)
80200e94:	02000793          	li	a5,32
80200e98:	02f71463          	bne	a4,a5,80200ec0 <dir_lookup+0xcc>
80200e9c:	fec42703          	lw	a4,-20(s0)
80200ea0:	fe842783          	lw	a5,-24(s0)
80200ea4:	00f707b3          	add	a5,a4,a5
80200ea8:	de840713          	addi	a4,s0,-536
80200eac:	00f707b3          	add	a5,a4,a5
80200eb0:	00078513          	mv	a0,a5
80200eb4:	278000ef          	jal	8020112c <atoi>
80200eb8:	00050793          	mv	a5,a0
80200ebc:	0340006f          	j	80200ef0 <dir_lookup+0xfc>
80200ec0:	fec42783          	lw	a5,-20(s0)
80200ec4:	00178793          	addi	a5,a5,1
80200ec8:	fef42623          	sw	a5,-20(s0)
80200ecc:	de840793          	addi	a5,s0,-536
80200ed0:	00078513          	mv	a0,a5
80200ed4:	2cd000ef          	jal	802019a0 <strlen>
80200ed8:	00050713          	mv	a4,a0
80200edc:	fe842783          	lw	a5,-24(s0)
80200ee0:	40f707b3          	sub	a5,a4,a5
80200ee4:	fec42703          	lw	a4,-20(s0)
80200ee8:	f4f766e3          	bltu	a4,a5,80200e34 <dir_lookup+0x40>
80200eec:	fff00793          	li	a5,-1
80200ef0:	00078513          	mv	a0,a5
80200ef4:	22c12083          	lw	ra,556(sp)
80200ef8:	22812403          	lw	s0,552(sp)
80200efc:	23010113          	addi	sp,sp,560
80200f00:	00008067          	ret

80200f04 <file_read>:
file_read():
80200f04:	dd010113          	addi	sp,sp,-560
80200f08:	22112623          	sw	ra,556(sp)
80200f0c:	22812423          	sw	s0,552(sp)
80200f10:	23010413          	addi	s0,sp,560
80200f14:	dca42e23          	sw	a0,-548(s0)
80200f18:	dcb42c23          	sw	a1,-552(s0)
80200f1c:	dcc42a23          	sw	a2,-556(s0)
80200f20:	00100793          	li	a5,1
80200f24:	def42023          	sw	a5,-544(s0)
80200f28:	ddc42783          	lw	a5,-548(s0)
80200f2c:	def42223          	sw	a5,-540(s0)
80200f30:	dd842783          	lw	a5,-552(s0)
80200f34:	def42423          	sw	a5,-536(s0)
80200f38:	de040793          	addi	a5,s0,-544
80200f3c:	20c00613          	li	a2,524
80200f40:	00078593          	mv	a1,a5
80200f44:	00300513          	li	a0,3
80200f48:	0e4000ef          	jal	8020102c <sys_send>
80200f4c:	40000693          	li	a3,1024
80200f50:	802087b7          	lui	a5,0x80208
80200f54:	3e078613          	addi	a2,a5,992 # 802083e0 <buf>
80200f58:	802087b7          	lui	a5,0x80208
80200f5c:	3dc78593          	addi	a1,a5,988 # 802083dc <sender>
80200f60:	00300513          	li	a0,3
80200f64:	138000ef          	jal	8020109c <sys_recv>
80200f68:	802087b7          	lui	a5,0x80208
80200f6c:	3e078793          	addi	a5,a5,992 # 802083e0 <buf>
80200f70:	fef42623          	sw	a5,-20(s0)
80200f74:	fec42783          	lw	a5,-20(s0)
80200f78:	00478793          	addi	a5,a5,4
80200f7c:	20000613          	li	a2,512
80200f80:	00078593          	mv	a1,a5
80200f84:	dd442503          	lw	a0,-556(s0)
80200f88:	0f1000ef          	jal	80201878 <memcpy>
80200f8c:	fec42783          	lw	a5,-20(s0)
80200f90:	0007a783          	lw	a5,0(a5)
80200f94:	00079663          	bnez	a5,80200fa0 <file_read+0x9c>
80200f98:	00000793          	li	a5,0
80200f9c:	0080006f          	j	80200fa4 <file_read+0xa0>
80200fa0:	fff00793          	li	a5,-1
80200fa4:	00078513          	mv	a0,a5
80200fa8:	22c12083          	lw	ra,556(sp)
80200fac:	22812403          	lw	s0,552(sp)
80200fb0:	23010113          	addi	sp,sp,560
80200fb4:	00008067          	ret

80200fb8 <term_write>:
term_write():
80200fb8:	fd010113          	addi	sp,sp,-48
80200fbc:	02112623          	sw	ra,44(sp)
80200fc0:	02812423          	sw	s0,40(sp)
80200fc4:	03010413          	addi	s0,sp,48
80200fc8:	fca42e23          	sw	a0,-36(s0)
80200fcc:	fcb42c23          	sw	a1,-40(s0)
80200fd0:	fe042623          	sw	zero,-20(s0)
80200fd4:	0340006f          	j	80201008 <term_write+0x50>
80200fd8:	802087b7          	lui	a5,0x80208
80200fdc:	3c47a783          	lw	a5,964(a5) # 802083c4 <earth>
80200fe0:	0207a783          	lw	a5,32(a5)
80200fe4:	fdc42683          	lw	a3,-36(s0)
80200fe8:	fec42703          	lw	a4,-20(s0)
80200fec:	00e68733          	add	a4,a3,a4
80200ff0:	00074703          	lbu	a4,0(a4)
80200ff4:	00070513          	mv	a0,a4
80200ff8:	000780e7          	jalr	a5
80200ffc:	fec42783          	lw	a5,-20(s0)
80201000:	00178793          	addi	a5,a5,1
80201004:	fef42623          	sw	a5,-20(s0)
80201008:	fec42703          	lw	a4,-20(s0)
8020100c:	fd842783          	lw	a5,-40(s0)
80201010:	fcf764e3          	bltu	a4,a5,80200fd8 <term_write+0x20>
80201014:	00000013          	nop
80201018:	00000013          	nop
8020101c:	02c12083          	lw	ra,44(sp)
80201020:	02812403          	lw	s0,40(sp)
80201024:	03010113          	addi	sp,sp,48
80201028:	00008067          	ret

8020102c <sys_send>:
sys_send():
8020102c:	fe010113          	addi	sp,sp,-32
80201030:	00112e23          	sw	ra,28(sp)
80201034:	00812c23          	sw	s0,24(sp)
80201038:	02010413          	addi	s0,sp,32
8020103c:	fea42623          	sw	a0,-20(s0)
80201040:	feb42423          	sw	a1,-24(s0)
80201044:	fec42223          	sw	a2,-28(s0)
80201048:	802087b7          	lui	a5,0x80208
8020104c:	3c87a783          	lw	a5,968(a5) # 802083c8 <sc>
80201050:	00200713          	li	a4,2
80201054:	00e7a023          	sw	a4,0(a5)
80201058:	802087b7          	lui	a5,0x80208
8020105c:	3c87a783          	lw	a5,968(a5) # 802083c8 <sc>
80201060:	fec42703          	lw	a4,-20(s0)
80201064:	00e7a423          	sw	a4,8(a5)
80201068:	802087b7          	lui	a5,0x80208
8020106c:	3c87a783          	lw	a5,968(a5) # 802083c8 <sc>
80201070:	00c78793          	addi	a5,a5,12
80201074:	fe442603          	lw	a2,-28(s0)
80201078:	fe842583          	lw	a1,-24(s0)
8020107c:	00078513          	mv	a0,a5
80201080:	7f8000ef          	jal	80201878 <memcpy>
80201084:	00000073          	ecall
80201088:	00000013          	nop
8020108c:	01c12083          	lw	ra,28(sp)
80201090:	01812403          	lw	s0,24(sp)
80201094:	02010113          	addi	sp,sp,32
80201098:	00008067          	ret

8020109c <sys_recv>:
sys_recv():
8020109c:	fe010113          	addi	sp,sp,-32
802010a0:	00112e23          	sw	ra,28(sp)
802010a4:	00812c23          	sw	s0,24(sp)
802010a8:	02010413          	addi	s0,sp,32
802010ac:	fea42623          	sw	a0,-20(s0)
802010b0:	feb42423          	sw	a1,-24(s0)
802010b4:	fec42223          	sw	a2,-28(s0)
802010b8:	fed42023          	sw	a3,-32(s0)
802010bc:	802087b7          	lui	a5,0x80208
802010c0:	3c87a783          	lw	a5,968(a5) # 802083c8 <sc>
802010c4:	00100713          	li	a4,1
802010c8:	00e7a023          	sw	a4,0(a5)
802010cc:	802087b7          	lui	a5,0x80208
802010d0:	3c87a783          	lw	a5,968(a5) # 802083c8 <sc>
802010d4:	fec42703          	lw	a4,-20(s0)
802010d8:	00e7a223          	sw	a4,4(a5)
802010dc:	00000073          	ecall
802010e0:	802087b7          	lui	a5,0x80208
802010e4:	3c87a783          	lw	a5,968(a5) # 802083c8 <sc>
802010e8:	00c78793          	addi	a5,a5,12
802010ec:	fe042603          	lw	a2,-32(s0)
802010f0:	00078593          	mv	a1,a5
802010f4:	fe442503          	lw	a0,-28(s0)
802010f8:	780000ef          	jal	80201878 <memcpy>
802010fc:	fe842783          	lw	a5,-24(s0)
80201100:	00078c63          	beqz	a5,80201118 <sys_recv+0x7c>
80201104:	802087b7          	lui	a5,0x80208
80201108:	3c87a783          	lw	a5,968(a5) # 802083c8 <sc>
8020110c:	0047a703          	lw	a4,4(a5)
80201110:	fe842783          	lw	a5,-24(s0)
80201114:	00e7a023          	sw	a4,0(a5)
80201118:	00000013          	nop
8020111c:	01c12083          	lw	ra,28(sp)
80201120:	01812403          	lw	s0,24(sp)
80201124:	02010113          	addi	sp,sp,32
80201128:	00008067          	ret

8020112c <atoi>:
atoi():
8020112c:	00a00613          	li	a2,10
80201130:	00000593          	li	a1,0
80201134:	2f80006f          	j	8020142c <strtol>

80201138 <itoa>:
itoa():
80201138:	ff010113          	addi	sp,sp,-16
8020113c:	00812423          	sw	s0,8(sp)
80201140:	00112623          	sw	ra,12(sp)
80201144:	ffe60713          	addi	a4,a2,-2 # ffe <app_entry-0x801ff002>
80201148:	02200793          	li	a5,34
8020114c:	00058413          	mv	s0,a1
80201150:	04e7e063          	bltu	a5,a4,80201190 <itoa+0x58>
80201154:	00a00793          	li	a5,10
80201158:	02f60063          	beq	a2,a5,80201178 <itoa+0x40>
8020115c:	00040593          	mv	a1,s0
80201160:	2ec000ef          	jal	8020144c <__utoa>
80201164:	00c12083          	lw	ra,12(sp)
80201168:	00040513          	mv	a0,s0
8020116c:	00812403          	lw	s0,8(sp)
80201170:	01010113          	addi	sp,sp,16
80201174:	00008067          	ret
80201178:	fe0552e3          	bgez	a0,8020115c <itoa+0x24>
8020117c:	02d00793          	li	a5,45
80201180:	00f58023          	sb	a5,0(a1)
80201184:	40a00533          	neg	a0,a0
80201188:	00158593          	addi	a1,a1,1
8020118c:	fd5ff06f          	j	80201160 <itoa+0x28>
80201190:	00058023          	sb	zero,0(a1)
80201194:	00c12083          	lw	ra,12(sp)
80201198:	00812403          	lw	s0,8(sp)
8020119c:	00000513          	li	a0,0
802011a0:	01010113          	addi	sp,sp,16
802011a4:	00008067          	ret

802011a8 <_strtol_l.isra.0>:
_strtol_l.isra.0():
802011a8:	fb010113          	addi	sp,sp,-80
802011ac:	04112623          	sw	ra,76(sp)
802011b0:	02400793          	li	a5,36
802011b4:	00a12423          	sw	a0,8(sp)
802011b8:	18d7ec63          	bltu	a5,a3,80201350 <_strtol_l.isra.0+0x1a8>
802011bc:	04812423          	sw	s0,72(sp)
802011c0:	05212023          	sw	s2,64(sp)
802011c4:	03312e23          	sw	s3,60(sp)
802011c8:	03412c23          	sw	s4,56(sp)
802011cc:	03912223          	sw	s9,36(sp)
802011d0:	00100793          	li	a5,1
802011d4:	00068c93          	mv	s9,a3
802011d8:	00058913          	mv	s2,a1
802011dc:	00060a13          	mv	s4,a2
802011e0:	00068993          	mv	s3,a3
802011e4:	00058413          	mv	s0,a1
802011e8:	00007717          	auipc	a4,0x7
802011ec:	fa170713          	addi	a4,a4,-95 # 80208189 <_ctype_+0x1>
802011f0:	14f68663          	beq	a3,a5,8020133c <_strtol_l.isra.0+0x194>
802011f4:	04912223          	sw	s1,68(sp)
802011f8:	03512a23          	sw	s5,52(sp)
802011fc:	03612823          	sw	s6,48(sp)
80201200:	03712623          	sw	s7,44(sp)
80201204:	03812423          	sw	s8,40(sp)
80201208:	03a12023          	sw	s10,32(sp)
8020120c:	01b12e23          	sw	s11,28(sp)
80201210:	00040693          	mv	a3,s0
80201214:	00044483          	lbu	s1,0(s0)
80201218:	00140413          	addi	s0,s0,1
8020121c:	009707b3          	add	a5,a4,s1
80201220:	0007c783          	lbu	a5,0(a5)
80201224:	0087f793          	andi	a5,a5,8
80201228:	fe0794e3          	bnez	a5,80201210 <_strtol_l.isra.0+0x68>
8020122c:	02d00793          	li	a5,45
80201230:	1af48063          	beq	s1,a5,802013d0 <_strtol_l.isra.0+0x228>
80201234:	02b00793          	li	a5,43
80201238:	80000b37          	lui	s6,0x80000
8020123c:	12f48863          	beq	s1,a5,8020136c <_strtol_l.isra.0+0x1c4>
80201240:	fffb0b13          	addi	s6,s6,-1 # 7fffffff <app_entry-0x200001>
80201244:	00012623          	sw	zero,12(sp)
80201248:	120c9c63          	bnez	s9,80201380 <_strtol_l.isra.0+0x1d8>
8020124c:	00a00993          	li	s3,10
80201250:	03000793          	li	a5,48
80201254:	00098c93          	mv	s9,s3
80201258:	1af48863          	beq	s1,a5,80201408 <_strtol_l.isra.0+0x260>
8020125c:	00098593          	mv	a1,s3
80201260:	000b0513          	mv	a0,s6
80201264:	0e1000ef          	jal	80201b44 <__umodsi3>
80201268:	00050b93          	mv	s7,a0
8020126c:	00098593          	mv	a1,s3
80201270:	000b0513          	mv	a0,s6
80201274:	089000ef          	jal	80201afc <__hidden___udivsi3>
80201278:	00900d93          	li	s11,9
8020127c:	fd048793          	addi	a5,s1,-48
80201280:	00050d13          	mv	s10,a0
80201284:	00000713          	li	a4,0
80201288:	00000513          	li	a0,0
8020128c:	01900a93          	li	s5,25
80201290:	fff00c13          	li	s8,-1
80201294:	02fdee63          	bltu	s11,a5,802012d0 <_strtol_l.isra.0+0x128>
80201298:	00078493          	mv	s1,a5
8020129c:	0594d263          	bge	s1,s9,802012e0 <_strtol_l.isra.0+0x138>
802012a0:	03870063          	beq	a4,s8,802012c0 <_strtol_l.isra.0+0x118>
802012a4:	fff00713          	li	a4,-1
802012a8:	00ad6c63          	bltu	s10,a0,802012c0 <_strtol_l.isra.0+0x118>
802012ac:	10ad0e63          	beq	s10,a0,802013c8 <_strtol_l.isra.0+0x220>
802012b0:	00098593          	mv	a1,s3
802012b4:	01d000ef          	jal	80201ad0 <__mulsi3>
802012b8:	00a48533          	add	a0,s1,a0
802012bc:	00100713          	li	a4,1
802012c0:	00044483          	lbu	s1,0(s0)
802012c4:	00140413          	addi	s0,s0,1
802012c8:	fd048793          	addi	a5,s1,-48
802012cc:	fcfdf6e3          	bgeu	s11,a5,80201298 <_strtol_l.isra.0+0xf0>
802012d0:	fbf48793          	addi	a5,s1,-65
802012d4:	0efae263          	bltu	s5,a5,802013b8 <_strtol_l.isra.0+0x210>
802012d8:	fc948493          	addi	s1,s1,-55
802012dc:	fd94c2e3          	blt	s1,s9,802012a0 <_strtol_l.isra.0+0xf8>
802012e0:	fff00793          	li	a5,-1
802012e4:	10f70263          	beq	a4,a5,802013e8 <_strtol_l.isra.0+0x240>
802012e8:	00c12783          	lw	a5,12(sp)
802012ec:	00078463          	beqz	a5,802012f4 <_strtol_l.isra.0+0x14c>
802012f0:	40a00533          	neg	a0,a0
802012f4:	000a0663          	beqz	s4,80201300 <_strtol_l.isra.0+0x158>
802012f8:	12071663          	bnez	a4,80201424 <_strtol_l.isra.0+0x27c>
802012fc:	012a2023          	sw	s2,0(s4)
80201300:	04812403          	lw	s0,72(sp)
80201304:	04c12083          	lw	ra,76(sp)
80201308:	04412483          	lw	s1,68(sp)
8020130c:	04012903          	lw	s2,64(sp)
80201310:	03c12983          	lw	s3,60(sp)
80201314:	03812a03          	lw	s4,56(sp)
80201318:	03412a83          	lw	s5,52(sp)
8020131c:	03012b03          	lw	s6,48(sp)
80201320:	02c12b83          	lw	s7,44(sp)
80201324:	02812c03          	lw	s8,40(sp)
80201328:	02412c83          	lw	s9,36(sp)
8020132c:	02012d03          	lw	s10,32(sp)
80201330:	01c12d83          	lw	s11,28(sp)
80201334:	05010113          	addi	sp,sp,80
80201338:	00008067          	ret
8020133c:	04812403          	lw	s0,72(sp)
80201340:	04012903          	lw	s2,64(sp)
80201344:	03c12983          	lw	s3,60(sp)
80201348:	03812a03          	lw	s4,56(sp)
8020134c:	02412c83          	lw	s9,36(sp)
80201350:	440000ef          	jal	80201790 <__errno>
80201354:	04c12083          	lw	ra,76(sp)
80201358:	01600793          	li	a5,22
8020135c:	00f52023          	sw	a5,0(a0)
80201360:	00000513          	li	a0,0
80201364:	05010113          	addi	sp,sp,80
80201368:	00008067          	ret
8020136c:	00012623          	sw	zero,12(sp)
80201370:	00044483          	lbu	s1,0(s0)
80201374:	fffb0b13          	addi	s6,s6,-1
80201378:	00268413          	addi	s0,a3,2
8020137c:	ec0c88e3          	beqz	s9,8020124c <_strtol_l.isra.0+0xa4>
80201380:	01000793          	li	a5,16
80201384:	ecfc9ce3          	bne	s9,a5,8020125c <_strtol_l.isra.0+0xb4>
80201388:	03000793          	li	a5,48
8020138c:	000c8993          	mv	s3,s9
80201390:	ecf496e3          	bne	s1,a5,8020125c <_strtol_l.isra.0+0xb4>
80201394:	00044783          	lbu	a5,0(s0)
80201398:	05800713          	li	a4,88
8020139c:	0df7f793          	andi	a5,a5,223
802013a0:	eae79ee3          	bne	a5,a4,8020125c <_strtol_l.isra.0+0xb4>
802013a4:	01000993          	li	s3,16
802013a8:	00144483          	lbu	s1,1(s0)
802013ac:	00098c93          	mv	s9,s3
802013b0:	00240413          	addi	s0,s0,2
802013b4:	ea9ff06f          	j	8020125c <_strtol_l.isra.0+0xb4>
802013b8:	f9f48793          	addi	a5,s1,-97
802013bc:	f2fae2e3          	bltu	s5,a5,802012e0 <_strtol_l.isra.0+0x138>
802013c0:	fa948493          	addi	s1,s1,-87
802013c4:	ed9ff06f          	j	8020129c <_strtol_l.isra.0+0xf4>
802013c8:	ee9bcce3          	blt	s7,s1,802012c0 <_strtol_l.isra.0+0x118>
802013cc:	ee5ff06f          	j	802012b0 <_strtol_l.isra.0+0x108>
802013d0:	00100793          	li	a5,1
802013d4:	00044483          	lbu	s1,0(s0)
802013d8:	80000b37          	lui	s6,0x80000
802013dc:	00268413          	addi	s0,a3,2
802013e0:	00f12623          	sw	a5,12(sp)
802013e4:	e65ff06f          	j	80201248 <_strtol_l.isra.0+0xa0>
802013e8:	00812703          	lw	a4,8(sp)
802013ec:	02200793          	li	a5,34
802013f0:	000b0513          	mv	a0,s6
802013f4:	00f72023          	sw	a5,0(a4)
802013f8:	f00a04e3          	beqz	s4,80201300 <_strtol_l.isra.0+0x158>
802013fc:	fff40913          	addi	s2,s0,-1
80201400:	000b0513          	mv	a0,s6
80201404:	ef9ff06f          	j	802012fc <_strtol_l.isra.0+0x154>
80201408:	00044783          	lbu	a5,0(s0)
8020140c:	05800713          	li	a4,88
80201410:	0df7f793          	andi	a5,a5,223
80201414:	f8e788e3          	beq	a5,a4,802013a4 <_strtol_l.isra.0+0x1fc>
80201418:	00800993          	li	s3,8
8020141c:	00098c93          	mv	s9,s3
80201420:	e3dff06f          	j	8020125c <_strtol_l.isra.0+0xb4>
80201424:	00050b13          	mv	s6,a0
80201428:	fd5ff06f          	j	802013fc <_strtol_l.isra.0+0x254>

8020142c <strtol>:
strtol():
8020142c:	00050713          	mv	a4,a0
80201430:	00007517          	auipc	a0,0x7
80201434:	f9c52503          	lw	a0,-100(a0) # 802083cc <_impure_ptr>
80201438:	00058793          	mv	a5,a1
8020143c:	00060693          	mv	a3,a2
80201440:	00070593          	mv	a1,a4
80201444:	00078613          	mv	a2,a5
80201448:	d61ff06f          	j	802011a8 <_strtol_l.isra.0>

8020144c <__utoa>:
__utoa():
8020144c:	00007797          	auipc	a5,0x7
80201450:	d1478793          	addi	a5,a5,-748 # 80208160 <__modsi3+0x65e8>
80201454:	0007a283          	lw	t0,0(a5)
80201458:	0047af83          	lw	t6,4(a5)
8020145c:	0087af03          	lw	t5,8(a5)
80201460:	00c7ae83          	lw	t4,12(a5)
80201464:	0107ae03          	lw	t3,16(a5)
80201468:	0147a303          	lw	t1,20(a5)
8020146c:	0187a883          	lw	a7,24(a5)
80201470:	01c7a803          	lw	a6,28(a5)
80201474:	0207a683          	lw	a3,32(a5)
80201478:	00007797          	auipc	a5,0x7
8020147c:	d0c7c783          	lbu	a5,-756(a5) # 80208184 <__modsi3+0x660c>
80201480:	fb010113          	addi	sp,sp,-80
80201484:	03512a23          	sw	s5,52(sp)
80201488:	02f10623          	sb	a5,44(sp)
8020148c:	04112623          	sw	ra,76(sp)
80201490:	ffe60713          	addi	a4,a2,-2
80201494:	00512423          	sw	t0,8(sp)
80201498:	01f12623          	sw	t6,12(sp)
8020149c:	01e12823          	sw	t5,16(sp)
802014a0:	01d12a23          	sw	t4,20(sp)
802014a4:	01c12c23          	sw	t3,24(sp)
802014a8:	00612e23          	sw	t1,28(sp)
802014ac:	03112023          	sw	a7,32(sp)
802014b0:	03012223          	sw	a6,36(sp)
802014b4:	02d12423          	sw	a3,40(sp)
802014b8:	02200793          	li	a5,34
802014bc:	00058a93          	mv	s5,a1
802014c0:	0ce7e463          	bltu	a5,a4,80201588 <__utoa+0x13c>
802014c4:	04812423          	sw	s0,72(sp)
802014c8:	04912223          	sw	s1,68(sp)
802014cc:	05212023          	sw	s2,64(sp)
802014d0:	03312e23          	sw	s3,60(sp)
802014d4:	03412c23          	sw	s4,56(sp)
802014d8:	03612823          	sw	s6,48(sp)
802014dc:	00060493          	mv	s1,a2
802014e0:	00050413          	mv	s0,a0
802014e4:	00000913          	li	s2,0
802014e8:	00048593          	mv	a1,s1
802014ec:	00040513          	mv	a0,s0
802014f0:	654000ef          	jal	80201b44 <__umodsi3>
802014f4:	00250533          	add	a0,a0,sp
802014f8:	00854783          	lbu	a5,8(a0)
802014fc:	00090993          	mv	s3,s2
80201500:	00190913          	addi	s2,s2,1
80201504:	012a8a33          	add	s4,s5,s2
80201508:	00040513          	mv	a0,s0
8020150c:	00048593          	mv	a1,s1
80201510:	fefa0fa3          	sb	a5,-1(s4)
80201514:	00040b13          	mv	s6,s0
80201518:	5e4000ef          	jal	80201afc <__hidden___udivsi3>
8020151c:	00050413          	mv	s0,a0
80201520:	fc9b74e3          	bgeu	s6,s1,802014e8 <__utoa+0x9c>
80201524:	000a0023          	sb	zero,0(s4)
80201528:	02098a63          	beqz	s3,8020155c <__utoa+0x110>
8020152c:	000a8693          	mv	a3,s5
80201530:	013a8733          	add	a4,s5,s3
80201534:	00000793          	li	a5,0
80201538:	00074583          	lbu	a1,0(a4)
8020153c:	0006c603          	lbu	a2,0(a3)
80201540:	00178793          	addi	a5,a5,1
80201544:	00b68023          	sb	a1,0(a3)
80201548:	00c70023          	sb	a2,0(a4)
8020154c:	40f98633          	sub	a2,s3,a5
80201550:	00168693          	addi	a3,a3,1
80201554:	fff70713          	addi	a4,a4,-1
80201558:	fec7c0e3          	blt	a5,a2,80201538 <__utoa+0xec>
8020155c:	04812403          	lw	s0,72(sp)
80201560:	04c12083          	lw	ra,76(sp)
80201564:	04412483          	lw	s1,68(sp)
80201568:	04012903          	lw	s2,64(sp)
8020156c:	03c12983          	lw	s3,60(sp)
80201570:	03812a03          	lw	s4,56(sp)
80201574:	03012b03          	lw	s6,48(sp)
80201578:	000a8513          	mv	a0,s5
8020157c:	03412a83          	lw	s5,52(sp)
80201580:	05010113          	addi	sp,sp,80
80201584:	00008067          	ret
80201588:	00058023          	sb	zero,0(a1)
8020158c:	04c12083          	lw	ra,76(sp)
80201590:	03412a83          	lw	s5,52(sp)
80201594:	00000513          	li	a0,0
80201598:	05010113          	addi	sp,sp,80
8020159c:	00008067          	ret

802015a0 <strcat>:
strcat():
802015a0:	ff010113          	addi	sp,sp,-16
802015a4:	00812423          	sw	s0,8(sp)
802015a8:	00112623          	sw	ra,12(sp)
802015ac:	00357793          	andi	a5,a0,3
802015b0:	00050413          	mv	s0,a0
802015b4:	06079663          	bnez	a5,80201620 <strcat+0x80>
802015b8:	00052703          	lw	a4,0(a0)
802015bc:	feff0637          	lui	a2,0xfeff0
802015c0:	eff60613          	addi	a2,a2,-257 # fefefeff <__heap_end+0x7ecefeff>
802015c4:	00c707b3          	add	a5,a4,a2
802015c8:	808086b7          	lui	a3,0x80808
802015cc:	fff74713          	not	a4,a4
802015d0:	00e7f7b3          	and	a5,a5,a4
802015d4:	08068693          	addi	a3,a3,128 # 80808080 <__heap_end+0x508080>
802015d8:	00d7f7b3          	and	a5,a5,a3
802015dc:	04079263          	bnez	a5,80201620 <strcat+0x80>
802015e0:	00452703          	lw	a4,4(a0)
802015e4:	00450513          	addi	a0,a0,4
802015e8:	00c707b3          	add	a5,a4,a2
802015ec:	fff74713          	not	a4,a4
802015f0:	00e7f7b3          	and	a5,a5,a4
802015f4:	00d7f7b3          	and	a5,a5,a3
802015f8:	02079463          	bnez	a5,80201620 <strcat+0x80>
802015fc:	00452703          	lw	a4,4(a0)
80201600:	00450513          	addi	a0,a0,4
80201604:	00c707b3          	add	a5,a4,a2
80201608:	fff74713          	not	a4,a4
8020160c:	00e7f7b3          	and	a5,a5,a4
80201610:	00d7f7b3          	and	a5,a5,a3
80201614:	fc0786e3          	beqz	a5,802015e0 <strcat+0x40>
80201618:	0080006f          	j	80201620 <strcat+0x80>
8020161c:	00150513          	addi	a0,a0,1
80201620:	00054783          	lbu	a5,0(a0)
80201624:	fe079ce3          	bnez	a5,8020161c <strcat+0x7c>
80201628:	404000ef          	jal	80201a2c <strcpy>
8020162c:	00c12083          	lw	ra,12(sp)
80201630:	00040513          	mv	a0,s0
80201634:	00812403          	lw	s0,8(sp)
80201638:	01010113          	addi	sp,sp,16
8020163c:	00008067          	ret

80201640 <strncat>:
strncat():
80201640:	00357713          	andi	a4,a0,3
80201644:	00050793          	mv	a5,a0
80201648:	06071663          	bnez	a4,802016b4 <strncat+0x74>
8020164c:	00052683          	lw	a3,0(a0)
80201650:	feff08b7          	lui	a7,0xfeff0
80201654:	eff88893          	addi	a7,a7,-257 # fefefeff <__heap_end+0x7ecefeff>
80201658:	01168733          	add	a4,a3,a7
8020165c:	80808837          	lui	a6,0x80808
80201660:	fff6c693          	not	a3,a3
80201664:	00d77733          	and	a4,a4,a3
80201668:	08080813          	addi	a6,a6,128 # 80808080 <__heap_end+0x508080>
8020166c:	01077733          	and	a4,a4,a6
80201670:	04071263          	bnez	a4,802016b4 <strncat+0x74>
80201674:	0047a683          	lw	a3,4(a5)
80201678:	00478793          	addi	a5,a5,4
8020167c:	01168733          	add	a4,a3,a7
80201680:	fff6c693          	not	a3,a3
80201684:	00d77733          	and	a4,a4,a3
80201688:	01077733          	and	a4,a4,a6
8020168c:	02071463          	bnez	a4,802016b4 <strncat+0x74>
80201690:	0047a683          	lw	a3,4(a5)
80201694:	00478793          	addi	a5,a5,4
80201698:	01168733          	add	a4,a3,a7
8020169c:	fff6c693          	not	a3,a3
802016a0:	00d77733          	and	a4,a4,a3
802016a4:	01077733          	and	a4,a4,a6
802016a8:	fc0706e3          	beqz	a4,80201674 <strncat+0x34>
802016ac:	0080006f          	j	802016b4 <strncat+0x74>
802016b0:	00178793          	addi	a5,a5,1
802016b4:	0007c703          	lbu	a4,0(a5)
802016b8:	fe071ce3          	bnez	a4,802016b0 <strncat+0x70>
802016bc:	00c786b3          	add	a3,a5,a2
802016c0:	02060463          	beqz	a2,802016e8 <strncat+0xa8>
802016c4:	0005c703          	lbu	a4,0(a1)
802016c8:	00178793          	addi	a5,a5,1
802016cc:	00158593          	addi	a1,a1,1
802016d0:	fee78fa3          	sb	a4,-1(a5)
802016d4:	00070863          	beqz	a4,802016e4 <strncat+0xa4>
802016d8:	fef696e3          	bne	a3,a5,802016c4 <strncat+0x84>
802016dc:	00068023          	sb	zero,0(a3)
802016e0:	00008067          	ret
802016e4:	00008067          	ret
802016e8:	00008067          	ret

802016ec <strncmp>:
strncmp():
802016ec:	08060a63          	beqz	a2,80201780 <strncmp+0x94>
802016f0:	00b567b3          	or	a5,a0,a1
802016f4:	0037f793          	andi	a5,a5,3
802016f8:	04079a63          	bnez	a5,8020174c <strncmp+0x60>
802016fc:	feff0e37          	lui	t3,0xfeff0
80201700:	80808337          	lui	t1,0x80808
80201704:	00300893          	li	a7,3
80201708:	effe0e13          	addi	t3,t3,-257 # fefefeff <__heap_end+0x7ecefeff>
8020170c:	08030313          	addi	t1,t1,128 # 80808080 <__heap_end+0x508080>
80201710:	02c8e063          	bltu	a7,a2,80201730 <strncmp+0x44>
80201714:	0380006f          	j	8020174c <strncmp+0x60>
80201718:	ffc60613          	addi	a2,a2,-4
8020171c:	06060263          	beqz	a2,80201780 <strncmp+0x94>
80201720:	06079063          	bnez	a5,80201780 <strncmp+0x94>
80201724:	00450513          	addi	a0,a0,4
80201728:	00458593          	addi	a1,a1,4
8020172c:	02c8f063          	bgeu	a7,a2,8020174c <strncmp+0x60>
80201730:	00052703          	lw	a4,0(a0)
80201734:	0005a683          	lw	a3,0(a1)
80201738:	01c707b3          	add	a5,a4,t3
8020173c:	fff74813          	not	a6,a4
80201740:	0107f7b3          	and	a5,a5,a6
80201744:	0067f7b3          	and	a5,a5,t1
80201748:	fcd708e3          	beq	a4,a3,80201718 <strncmp+0x2c>
8020174c:	00054783          	lbu	a5,0(a0)
80201750:	0005c703          	lbu	a4,0(a1)
80201754:	fff60613          	addi	a2,a2,-1
80201758:	00c50633          	add	a2,a0,a2
8020175c:	00e78e63          	beq	a5,a4,80201778 <strncmp+0x8c>
80201760:	0280006f          	j	80201788 <strncmp+0x9c>
80201764:	00150513          	addi	a0,a0,1
80201768:	00078c63          	beqz	a5,80201780 <strncmp+0x94>
8020176c:	00054783          	lbu	a5,0(a0)
80201770:	0005c703          	lbu	a4,0(a1)
80201774:	00e79a63          	bne	a5,a4,80201788 <strncmp+0x9c>
80201778:	00158593          	addi	a1,a1,1
8020177c:	fea614e3          	bne	a2,a0,80201764 <strncmp+0x78>
80201780:	00000513          	li	a0,0
80201784:	00008067          	ret
80201788:	40e78533          	sub	a0,a5,a4
8020178c:	00008067          	ret

80201790 <__errno>:
__errno():
80201790:	00007517          	auipc	a0,0x7
80201794:	c3c52503          	lw	a0,-964(a0) # 802083cc <_impure_ptr>
80201798:	00008067          	ret

8020179c <memset>:
memset():
8020179c:	00f00313          	li	t1,15
802017a0:	00050713          	mv	a4,a0
802017a4:	02c37e63          	bgeu	t1,a2,802017e0 <memset+0x44>
802017a8:	00f77793          	andi	a5,a4,15
802017ac:	0a079063          	bnez	a5,8020184c <memset+0xb0>
802017b0:	08059263          	bnez	a1,80201834 <memset+0x98>
802017b4:	ff067693          	andi	a3,a2,-16
802017b8:	00f67613          	andi	a2,a2,15
802017bc:	00e686b3          	add	a3,a3,a4
802017c0:	00b72023          	sw	a1,0(a4)
802017c4:	00b72223          	sw	a1,4(a4)
802017c8:	00b72423          	sw	a1,8(a4)
802017cc:	00b72623          	sw	a1,12(a4)
802017d0:	01070713          	addi	a4,a4,16
802017d4:	fed766e3          	bltu	a4,a3,802017c0 <memset+0x24>
802017d8:	00061463          	bnez	a2,802017e0 <memset+0x44>
802017dc:	00008067          	ret
802017e0:	40c306b3          	sub	a3,t1,a2
802017e4:	00269693          	slli	a3,a3,0x2
802017e8:	00000297          	auipc	t0,0x0
802017ec:	005686b3          	add	a3,a3,t0
802017f0:	00c68067          	jr	12(a3)
802017f4:	00b70723          	sb	a1,14(a4)
802017f8:	00b706a3          	sb	a1,13(a4)
802017fc:	00b70623          	sb	a1,12(a4)
80201800:	00b705a3          	sb	a1,11(a4)
80201804:	00b70523          	sb	a1,10(a4)
80201808:	00b704a3          	sb	a1,9(a4)
8020180c:	00b70423          	sb	a1,8(a4)
80201810:	00b703a3          	sb	a1,7(a4)
80201814:	00b70323          	sb	a1,6(a4)
80201818:	00b702a3          	sb	a1,5(a4)
8020181c:	00b70223          	sb	a1,4(a4)
80201820:	00b701a3          	sb	a1,3(a4)
80201824:	00b70123          	sb	a1,2(a4)
80201828:	00b700a3          	sb	a1,1(a4)
8020182c:	00b70023          	sb	a1,0(a4)
80201830:	00008067          	ret
80201834:	0ff5f593          	zext.b	a1,a1
80201838:	00859693          	slli	a3,a1,0x8
8020183c:	00d5e5b3          	or	a1,a1,a3
80201840:	01059693          	slli	a3,a1,0x10
80201844:	00d5e5b3          	or	a1,a1,a3
80201848:	f6dff06f          	j	802017b4 <memset+0x18>
8020184c:	00279693          	slli	a3,a5,0x2
80201850:	00000297          	auipc	t0,0x0
80201854:	005686b3          	add	a3,a3,t0
80201858:	00008293          	mv	t0,ra
8020185c:	fa0680e7          	jalr	-96(a3)
80201860:	00028093          	mv	ra,t0
80201864:	ff078793          	addi	a5,a5,-16
80201868:	40f70733          	sub	a4,a4,a5
8020186c:	00f60633          	add	a2,a2,a5
80201870:	f6c378e3          	bgeu	t1,a2,802017e0 <memset+0x44>
80201874:	f3dff06f          	j	802017b0 <memset+0x14>

80201878 <memcpy>:
memcpy():
80201878:	00a5c7b3          	xor	a5,a1,a0
8020187c:	0037f793          	andi	a5,a5,3
80201880:	00c508b3          	add	a7,a0,a2
80201884:	06079663          	bnez	a5,802018f0 <memcpy+0x78>
80201888:	00300793          	li	a5,3
8020188c:	06c7f263          	bgeu	a5,a2,802018f0 <memcpy+0x78>
80201890:	00357793          	andi	a5,a0,3
80201894:	00050713          	mv	a4,a0
80201898:	0c079a63          	bnez	a5,8020196c <memcpy+0xf4>
8020189c:	ffc8f613          	andi	a2,a7,-4
802018a0:	40e606b3          	sub	a3,a2,a4
802018a4:	02000793          	li	a5,32
802018a8:	06d7c463          	blt	a5,a3,80201910 <memcpy+0x98>
802018ac:	00058693          	mv	a3,a1
802018b0:	00070793          	mv	a5,a4
802018b4:	02c77a63          	bgeu	a4,a2,802018e8 <memcpy+0x70>
802018b8:	0006a803          	lw	a6,0(a3)
802018bc:	00478793          	addi	a5,a5,4
802018c0:	00468693          	addi	a3,a3,4
802018c4:	ff07ae23          	sw	a6,-4(a5)
802018c8:	fec7e8e3          	bltu	a5,a2,802018b8 <memcpy+0x40>
802018cc:	fff60613          	addi	a2,a2,-1
802018d0:	40e60633          	sub	a2,a2,a4
802018d4:	ffc67613          	andi	a2,a2,-4
802018d8:	00458593          	addi	a1,a1,4
802018dc:	00470713          	addi	a4,a4,4
802018e0:	00c585b3          	add	a1,a1,a2
802018e4:	00c70733          	add	a4,a4,a2
802018e8:	01176863          	bltu	a4,a7,802018f8 <memcpy+0x80>
802018ec:	00008067          	ret
802018f0:	00050713          	mv	a4,a0
802018f4:	ff157ce3          	bgeu	a0,a7,802018ec <memcpy+0x74>
802018f8:	0005c783          	lbu	a5,0(a1)
802018fc:	00170713          	addi	a4,a4,1
80201900:	00158593          	addi	a1,a1,1
80201904:	fef70fa3          	sb	a5,-1(a4)
80201908:	fee898e3          	bne	a7,a4,802018f8 <memcpy+0x80>
8020190c:	00008067          	ret
80201910:	0205a683          	lw	a3,32(a1)
80201914:	0005a383          	lw	t2,0(a1)
80201918:	0045a283          	lw	t0,4(a1)
8020191c:	0085af83          	lw	t6,8(a1)
80201920:	00c5af03          	lw	t5,12(a1)
80201924:	0105ae83          	lw	t4,16(a1)
80201928:	0145ae03          	lw	t3,20(a1)
8020192c:	0185a303          	lw	t1,24(a1)
80201930:	01c5a803          	lw	a6,28(a1)
80201934:	02470713          	addi	a4,a4,36
80201938:	fed72e23          	sw	a3,-4(a4)
8020193c:	fc772e23          	sw	t2,-36(a4)
80201940:	40e606b3          	sub	a3,a2,a4
80201944:	fe572023          	sw	t0,-32(a4)
80201948:	fff72223          	sw	t6,-28(a4)
8020194c:	ffe72423          	sw	t5,-24(a4)
80201950:	ffd72623          	sw	t4,-20(a4)
80201954:	ffc72823          	sw	t3,-16(a4)
80201958:	fe672a23          	sw	t1,-12(a4)
8020195c:	ff072c23          	sw	a6,-8(a4)
80201960:	02458593          	addi	a1,a1,36
80201964:	fad7c6e3          	blt	a5,a3,80201910 <memcpy+0x98>
80201968:	f45ff06f          	j	802018ac <memcpy+0x34>
8020196c:	0005c683          	lbu	a3,0(a1)
80201970:	00170713          	addi	a4,a4,1
80201974:	00377793          	andi	a5,a4,3
80201978:	fed70fa3          	sb	a3,-1(a4)
8020197c:	00158593          	addi	a1,a1,1
80201980:	f0078ee3          	beqz	a5,8020189c <memcpy+0x24>
80201984:	0005c683          	lbu	a3,0(a1)
80201988:	00170713          	addi	a4,a4,1
8020198c:	00377793          	andi	a5,a4,3
80201990:	fed70fa3          	sb	a3,-1(a4)
80201994:	00158593          	addi	a1,a1,1
80201998:	fc079ae3          	bnez	a5,8020196c <memcpy+0xf4>
8020199c:	f01ff06f          	j	8020189c <memcpy+0x24>

802019a0 <strlen>:
strlen():
802019a0:	00357793          	andi	a5,a0,3
802019a4:	00050713          	mv	a4,a0
802019a8:	04079c63          	bnez	a5,80201a00 <strlen+0x60>
802019ac:	7f7f86b7          	lui	a3,0x7f7f8
802019b0:	f7f68693          	addi	a3,a3,-129 # 7f7f7f7f <app_entry-0xa08081>
802019b4:	fff00593          	li	a1,-1
802019b8:	00072603          	lw	a2,0(a4)
802019bc:	00470713          	addi	a4,a4,4
802019c0:	00d677b3          	and	a5,a2,a3
802019c4:	00d787b3          	add	a5,a5,a3
802019c8:	00c7e7b3          	or	a5,a5,a2
802019cc:	00d7e7b3          	or	a5,a5,a3
802019d0:	feb784e3          	beq	a5,a1,802019b8 <strlen+0x18>
802019d4:	ffc74683          	lbu	a3,-4(a4)
802019d8:	40a707b3          	sub	a5,a4,a0
802019dc:	04068463          	beqz	a3,80201a24 <strlen+0x84>
802019e0:	ffd74683          	lbu	a3,-3(a4)
802019e4:	02068c63          	beqz	a3,80201a1c <strlen+0x7c>
802019e8:	ffe74503          	lbu	a0,-2(a4)
802019ec:	00a03533          	snez	a0,a0
802019f0:	00f50533          	add	a0,a0,a5
802019f4:	ffe50513          	addi	a0,a0,-2
802019f8:	00008067          	ret
802019fc:	fa0688e3          	beqz	a3,802019ac <strlen+0xc>
80201a00:	00074783          	lbu	a5,0(a4)
80201a04:	00170713          	addi	a4,a4,1
80201a08:	00377693          	andi	a3,a4,3
80201a0c:	fe0798e3          	bnez	a5,802019fc <strlen+0x5c>
80201a10:	40a70733          	sub	a4,a4,a0
80201a14:	fff70513          	addi	a0,a4,-1
80201a18:	00008067          	ret
80201a1c:	ffd78513          	addi	a0,a5,-3
80201a20:	00008067          	ret
80201a24:	ffc78513          	addi	a0,a5,-4
80201a28:	00008067          	ret

80201a2c <strcpy>:
strcpy():
80201a2c:	00b567b3          	or	a5,a0,a1
80201a30:	0037f793          	andi	a5,a5,3
80201a34:	08079063          	bnez	a5,80201ab4 <strcpy+0x88>
80201a38:	0005a703          	lw	a4,0(a1)
80201a3c:	7f7f86b7          	lui	a3,0x7f7f8
80201a40:	f7f68693          	addi	a3,a3,-129 # 7f7f7f7f <app_entry-0xa08081>
80201a44:	00d77833          	and	a6,a4,a3
80201a48:	00d80833          	add	a6,a6,a3
80201a4c:	00e86833          	or	a6,a6,a4
80201a50:	00d86833          	or	a6,a6,a3
80201a54:	fff00793          	li	a5,-1
80201a58:	00050613          	mv	a2,a0
80201a5c:	02f81463          	bne	a6,a5,80201a84 <strcpy+0x58>
80201a60:	00458593          	addi	a1,a1,4
80201a64:	00e62023          	sw	a4,0(a2)
80201a68:	0005a703          	lw	a4,0(a1)
80201a6c:	00460613          	addi	a2,a2,4
80201a70:	00d777b3          	and	a5,a4,a3
80201a74:	00d787b3          	add	a5,a5,a3
80201a78:	00e7e7b3          	or	a5,a5,a4
80201a7c:	00d7e7b3          	or	a5,a5,a3
80201a80:	ff0780e3          	beq	a5,a6,80201a60 <strcpy+0x34>
80201a84:	0005c783          	lbu	a5,0(a1)
80201a88:	0015c703          	lbu	a4,1(a1)
80201a8c:	0025c683          	lbu	a3,2(a1)
80201a90:	00f60023          	sb	a5,0(a2)
80201a94:	00078a63          	beqz	a5,80201aa8 <strcpy+0x7c>
80201a98:	00e600a3          	sb	a4,1(a2)
80201a9c:	00070663          	beqz	a4,80201aa8 <strcpy+0x7c>
80201aa0:	00d60123          	sb	a3,2(a2)
80201aa4:	00069463          	bnez	a3,80201aac <strcpy+0x80>
80201aa8:	00008067          	ret
80201aac:	000601a3          	sb	zero,3(a2)
80201ab0:	00008067          	ret
80201ab4:	00050793          	mv	a5,a0
80201ab8:	0005c703          	lbu	a4,0(a1)
80201abc:	00178793          	addi	a5,a5,1
80201ac0:	00158593          	addi	a1,a1,1
80201ac4:	fee78fa3          	sb	a4,-1(a5)
80201ac8:	fe0718e3          	bnez	a4,80201ab8 <strcpy+0x8c>
80201acc:	00008067          	ret

80201ad0 <__mulsi3>:
__mulsi3():
80201ad0:	00050613          	mv	a2,a0
80201ad4:	00000513          	li	a0,0
80201ad8:	0015f693          	andi	a3,a1,1
80201adc:	00068463          	beqz	a3,80201ae4 <__mulsi3+0x14>
80201ae0:	00c50533          	add	a0,a0,a2
80201ae4:	0015d593          	srli	a1,a1,0x1
80201ae8:	00161613          	slli	a2,a2,0x1
80201aec:	fe0596e3          	bnez	a1,80201ad8 <__mulsi3+0x8>
80201af0:	00008067          	ret

80201af4 <__divsi3>:
__divsi3():
80201af4:	06054063          	bltz	a0,80201b54 <__umodsi3+0x10>
80201af8:	0605c663          	bltz	a1,80201b64 <__umodsi3+0x20>

80201afc <__hidden___udivsi3>:
80201afc:	00058613          	mv	a2,a1
80201b00:	00050593          	mv	a1,a0
80201b04:	fff00513          	li	a0,-1
80201b08:	02060c63          	beqz	a2,80201b40 <__hidden___udivsi3+0x44>
80201b0c:	00100693          	li	a3,1
80201b10:	00b67a63          	bgeu	a2,a1,80201b24 <__hidden___udivsi3+0x28>
80201b14:	00c05863          	blez	a2,80201b24 <__hidden___udivsi3+0x28>
80201b18:	00161613          	slli	a2,a2,0x1
80201b1c:	00169693          	slli	a3,a3,0x1
80201b20:	feb66ae3          	bltu	a2,a1,80201b14 <__hidden___udivsi3+0x18>
80201b24:	00000513          	li	a0,0
80201b28:	00c5e663          	bltu	a1,a2,80201b34 <__hidden___udivsi3+0x38>
80201b2c:	40c585b3          	sub	a1,a1,a2
80201b30:	00d56533          	or	a0,a0,a3
80201b34:	0016d693          	srli	a3,a3,0x1
80201b38:	00165613          	srli	a2,a2,0x1
80201b3c:	fe0696e3          	bnez	a3,80201b28 <__hidden___udivsi3+0x2c>
80201b40:	00008067          	ret

80201b44 <__umodsi3>:
80201b44:	00008293          	mv	t0,ra
80201b48:	fb5ff0ef          	jal	80201afc <__hidden___udivsi3>
80201b4c:	00058513          	mv	a0,a1
80201b50:	00028067          	jr	t0 # 80201850 <memset+0xb4>
80201b54:	40a00533          	neg	a0,a0
80201b58:	00b04863          	bgtz	a1,80201b68 <__umodsi3+0x24>
80201b5c:	40b005b3          	neg	a1,a1
80201b60:	f9dff06f          	j	80201afc <__hidden___udivsi3>
80201b64:	40b005b3          	neg	a1,a1
80201b68:	00008293          	mv	t0,ra
80201b6c:	f91ff0ef          	jal	80201afc <__hidden___udivsi3>
80201b70:	40a00533          	neg	a0,a0
80201b74:	00028067          	jr	t0

80201b78 <__modsi3>:
__modsi3():
80201b78:	00008293          	mv	t0,ra
80201b7c:	0005ca63          	bltz	a1,80201b90 <__modsi3+0x18>
80201b80:	00054c63          	bltz	a0,80201b98 <__modsi3+0x20>
80201b84:	f79ff0ef          	jal	80201afc <__hidden___udivsi3>
80201b88:	00058513          	mv	a0,a1
80201b8c:	00028067          	jr	t0
80201b90:	40b005b3          	neg	a1,a1
80201b94:	fe0558e3          	bgez	a0,80201b84 <__modsi3+0xc>
80201b98:	40a00533          	neg	a0,a0
80201b9c:	f61ff0ef          	jal	80201afc <__hidden___udivsi3>
80201ba0:	40b00533          	neg	a0,a1
80201ba4:	00028067          	jr	t0
