
hello.elf:     file format elf32-littleriscv
hello.elf
architecture: riscv:rv32, flags 0x00000112:
EXEC_P, HAS_SYMS, D_PAGED
start address 0x80000000

Program Header:
0x70000003 off    0x000017c8 vaddr 0x00000000 paddr 0x00000000 align 2**0
         filesz 0x0000004b memsz 0x00000000 flags r--
    LOAD off    0x00001000 vaddr 0x80000000 paddr 0x80000000 align 2**12
         filesz 0x000007c8 memsz 0x000007c8 flags r-x

Sections:
Idx Name              Size      VMA       LMA       File off  Algn  Flags
  0 .init             0000000c  80000000  80000000  00001000  2**3  CONTENTS, ALLOC, LOAD, READONLY, CODE
  1 .text             0000074c  80000010  80000010  00001010  2**3  CONTENTS, ALLOC, LOAD, READONLY, CODE
  2 .rodata           00000068  80000760  80000760  00001760  2**3  CONTENTS, ALLOC, LOAD, READONLY, DATA
  3 .data             00000000  800007c8  800007c8  000017c8  2**3  CONTENTS, ALLOC, LOAD, DATA
  4 .riscv.attributes 0000004b  00000000  00000000  000017c8  2**0  CONTENTS, READONLY
  5 .comment          00000033  00000000  00000000  00001813  2**0  CONTENTS, READONLY
SYMBOL TABLE:
80000000 l    d  .init	00000000 .init
80000010 l    d  .text	00000000 .text
80000760 l    d  .rodata	00000000 .rodata
800007c8 l    d  .data	00000000 .data
00000000 l    d  .riscv.attributes	00000000 .riscv.attributes
00000000 l    d  .comment	00000000 .comment
00000000 l    df *ABS*	00000000 ccS7TBcA.o
80000008 l       .init	00000000 _end
00000000 l    df *ABS*	00000000 hello.c
00000000 l    df *ABS*	00000000 libc_a-itoa.o
00000000 l    df *ABS*	00000000 libc_a-utoa.o
00000000 l    df *ABS*	00000000 libc_a-strcat.o
00000000 l    df *ABS*	00000000 libc_a-strncat.o
00000000 l    df *ABS*	00000000 libc_a-strlen.o
00000000 l    df *ABS*	00000000 libc_a-strcpy.o
00000000 l    df *ABS*	00000000 div.o
80000604 g     F .text	000000a4 strcpy
8000017c g     F .text	00000098 printf
800006b0 g     F .text	00000048 .hidden __hidden___udivsi3
800006b0 g     F .text	00000048 .hidden __udivsi3
80000268 g     F .text	00000070 itoa
8000042c g     F .text	000000a0 strcat
800006f8 g     F .text	00000010 .hidden __umodsi3
80000010 g     F .text	00000068 terminal_write
80000078 g     F .text	00000104 format_to_str
80000000 g       .init	00000000 _start
800004cc g     F .text	000000ac strncat
800002d8 g     F .text	00000154 __utoa
80000214 g     F .text	00000054 main
800006a8 g     F .text	00000084 .hidden __divsi3
8000072c g     F .text	00000030 .hidden __modsi3
80000578 g     F .text	0000008c strlen



Disassembly of section .init:

80000000 <_start>:
_start():
80000000:	80400137          	lui	sp,0x80400
80000004:	210000ef          	jal	80000214 <main>

80000008 <_end>:
_end():
80000008:	000000ef          	jal	80000008 <_end>

Disassembly of section .text:

80000010 <terminal_write>:
terminal_write():
80000010:	fd010113          	addi	sp,sp,-48 # 803fffd0 <__modsi3+0x3ff8a4>
80000014:	02112623          	sw	ra,44(sp)
80000018:	02812423          	sw	s0,40(sp)
8000001c:	03010413          	addi	s0,sp,48
80000020:	fca42e23          	sw	a0,-36(s0)
80000024:	fcb42c23          	sw	a1,-40(s0)
80000028:	fe042623          	sw	zero,-20(s0)
8000002c:	0280006f          	j	80000054 <terminal_write+0x44>
80000030:	fec42783          	lw	a5,-20(s0)
80000034:	fdc42703          	lw	a4,-36(s0)
80000038:	00f70733          	add	a4,a4,a5
8000003c:	100007b7          	lui	a5,0x10000
80000040:	00074703          	lbu	a4,0(a4)
80000044:	00e78023          	sb	a4,0(a5) # 10000000 <_start-0x70000000>
80000048:	fec42783          	lw	a5,-20(s0)
8000004c:	00178793          	addi	a5,a5,1
80000050:	fef42623          	sw	a5,-20(s0)
80000054:	fec42703          	lw	a4,-20(s0)
80000058:	fd842783          	lw	a5,-40(s0)
8000005c:	fcf74ae3          	blt	a4,a5,80000030 <terminal_write+0x20>
80000060:	00000013          	nop
80000064:	00000013          	nop
80000068:	02c12083          	lw	ra,44(sp)
8000006c:	02812403          	lw	s0,40(sp)
80000070:	03010113          	addi	sp,sp,48
80000074:	00008067          	ret

80000078 <format_to_str>:
format_to_str():
80000078:	fe010113          	addi	sp,sp,-32
8000007c:	00112e23          	sw	ra,28(sp)
80000080:	00812c23          	sw	s0,24(sp)
80000084:	00912a23          	sw	s1,20(sp)
80000088:	02010413          	addi	s0,sp,32
8000008c:	fea42623          	sw	a0,-20(s0)
80000090:	feb42423          	sw	a1,-24(s0)
80000094:	fec42223          	sw	a2,-28(s0)
80000098:	fec42783          	lw	a5,-20(s0)
8000009c:	00078023          	sb	zero,0(a5)
800000a0:	0b40006f          	j	80000154 <format_to_str+0xdc>
800000a4:	fe842783          	lw	a5,-24(s0)
800000a8:	0007c703          	lbu	a4,0(a5)
800000ac:	02500793          	li	a5,37
800000b0:	00f70c63          	beq	a4,a5,800000c8 <format_to_str+0x50>
800000b4:	00100613          	li	a2,1
800000b8:	fe842583          	lw	a1,-24(s0)
800000bc:	fec42503          	lw	a0,-20(s0)
800000c0:	40c000ef          	jal	800004cc <strncat>
800000c4:	0840006f          	j	80000148 <format_to_str+0xd0>
800000c8:	fe842783          	lw	a5,-24(s0)
800000cc:	00178793          	addi	a5,a5,1
800000d0:	fef42423          	sw	a5,-24(s0)
800000d4:	fe842783          	lw	a5,-24(s0)
800000d8:	0007c703          	lbu	a4,0(a5)
800000dc:	07300793          	li	a5,115
800000e0:	02f71263          	bne	a4,a5,80000104 <format_to_str+0x8c>
800000e4:	fe442783          	lw	a5,-28(s0)
800000e8:	00478713          	addi	a4,a5,4
800000ec:	fee42223          	sw	a4,-28(s0)
800000f0:	0007a783          	lw	a5,0(a5)
800000f4:	00078593          	mv	a1,a5
800000f8:	fec42503          	lw	a0,-20(s0)
800000fc:	330000ef          	jal	8000042c <strcat>
80000100:	0480006f          	j	80000148 <format_to_str+0xd0>
80000104:	fe842783          	lw	a5,-24(s0)
80000108:	0007c703          	lbu	a4,0(a5)
8000010c:	06400793          	li	a5,100
80000110:	02f71c63          	bne	a4,a5,80000148 <format_to_str+0xd0>
80000114:	fe442783          	lw	a5,-28(s0)
80000118:	00478713          	addi	a4,a5,4
8000011c:	fee42223          	sw	a4,-28(s0)
80000120:	0007a483          	lw	s1,0(a5)
80000124:	fec42503          	lw	a0,-20(s0)
80000128:	450000ef          	jal	80000578 <strlen>
8000012c:	00050713          	mv	a4,a0
80000130:	fec42783          	lw	a5,-20(s0)
80000134:	00e787b3          	add	a5,a5,a4
80000138:	00a00613          	li	a2,10
8000013c:	00078593          	mv	a1,a5
80000140:	00048513          	mv	a0,s1
80000144:	124000ef          	jal	80000268 <itoa>
80000148:	fe842783          	lw	a5,-24(s0)
8000014c:	00178793          	addi	a5,a5,1
80000150:	fef42423          	sw	a5,-24(s0)
80000154:	fe842783          	lw	a5,-24(s0)
80000158:	0007c783          	lbu	a5,0(a5)
8000015c:	f40794e3          	bnez	a5,800000a4 <format_to_str+0x2c>
80000160:	00000013          	nop
80000164:	00000013          	nop
80000168:	01c12083          	lw	ra,28(sp)
8000016c:	01812403          	lw	s0,24(sp)
80000170:	01412483          	lw	s1,20(sp)
80000174:	02010113          	addi	sp,sp,32
80000178:	00008067          	ret

8000017c <printf>:
printf():
8000017c:	db010113          	addi	sp,sp,-592
80000180:	22112623          	sw	ra,556(sp)
80000184:	22812423          	sw	s0,552(sp)
80000188:	23010413          	addi	s0,sp,560
8000018c:	dca42e23          	sw	a0,-548(s0)
80000190:	00b42223          	sw	a1,4(s0)
80000194:	00c42423          	sw	a2,8(s0)
80000198:	00d42623          	sw	a3,12(s0)
8000019c:	00e42823          	sw	a4,16(s0)
800001a0:	00f42a23          	sw	a5,20(s0)
800001a4:	01042c23          	sw	a6,24(s0)
800001a8:	01142e23          	sw	a7,28(s0)
800001ac:	02040793          	addi	a5,s0,32
800001b0:	dcf42c23          	sw	a5,-552(s0)
800001b4:	dd842783          	lw	a5,-552(s0)
800001b8:	fe478793          	addi	a5,a5,-28
800001bc:	def42623          	sw	a5,-532(s0)
800001c0:	dec42703          	lw	a4,-532(s0)
800001c4:	df040793          	addi	a5,s0,-528
800001c8:	00070613          	mv	a2,a4
800001cc:	ddc42583          	lw	a1,-548(s0)
800001d0:	00078513          	mv	a0,a5
800001d4:	ea5ff0ef          	jal	80000078 <format_to_str>
800001d8:	df040793          	addi	a5,s0,-528
800001dc:	00078513          	mv	a0,a5
800001e0:	398000ef          	jal	80000578 <strlen>
800001e4:	00050793          	mv	a5,a0
800001e8:	00078713          	mv	a4,a5
800001ec:	df040793          	addi	a5,s0,-528
800001f0:	00070593          	mv	a1,a4
800001f4:	00078513          	mv	a0,a5
800001f8:	e19ff0ef          	jal	80000010 <terminal_write>
800001fc:	00000793          	li	a5,0
80000200:	00078513          	mv	a0,a5
80000204:	22c12083          	lw	ra,556(sp)
80000208:	22812403          	lw	s0,552(sp)
8000020c:	25010113          	addi	sp,sp,592
80000210:	00008067          	ret

80000214 <main>:
main():
80000214:	fe010113          	addi	sp,sp,-32
80000218:	00112e23          	sw	ra,28(sp)
8000021c:	00812c23          	sw	s0,24(sp)
80000220:	02010413          	addi	s0,sp,32
80000224:	800007b7          	lui	a5,0x80000
80000228:	76078793          	addi	a5,a5,1888 # 80000760 <__modsi3+0x34>
8000022c:	fef42623          	sw	a5,-20(s0)
80000230:	00f00593          	li	a1,15
80000234:	fec42503          	lw	a0,-20(s0)
80000238:	dd9ff0ef          	jal	80000010 <terminal_write>
8000023c:	800007b7          	lui	a5,0x80000
80000240:	77078593          	addi	a1,a5,1904 # 80000770 <__modsi3+0x44>
80000244:	800007b7          	lui	a5,0x80000
80000248:	78878513          	addi	a0,a5,1928 # 80000788 <__modsi3+0x5c>
8000024c:	f31ff0ef          	jal	8000017c <printf>
80000250:	00000793          	li	a5,0
80000254:	00078513          	mv	a0,a5
80000258:	01c12083          	lw	ra,28(sp)
8000025c:	01812403          	lw	s0,24(sp)
80000260:	02010113          	addi	sp,sp,32
80000264:	00008067          	ret

80000268 <itoa>:
itoa():
80000268:	ff010113          	addi	sp,sp,-16
8000026c:	00812423          	sw	s0,8(sp)
80000270:	00112623          	sw	ra,12(sp)
80000274:	ffe60713          	addi	a4,a2,-2
80000278:	02200793          	li	a5,34
8000027c:	00058413          	mv	s0,a1
80000280:	04e7e063          	bltu	a5,a4,800002c0 <itoa+0x58>
80000284:	00a00793          	li	a5,10
80000288:	02f60063          	beq	a2,a5,800002a8 <itoa+0x40>
8000028c:	00040593          	mv	a1,s0
80000290:	048000ef          	jal	800002d8 <__utoa>
80000294:	00c12083          	lw	ra,12(sp)
80000298:	00040513          	mv	a0,s0
8000029c:	00812403          	lw	s0,8(sp)
800002a0:	01010113          	addi	sp,sp,16
800002a4:	00008067          	ret
800002a8:	fe0552e3          	bgez	a0,8000028c <itoa+0x24>
800002ac:	02d00793          	li	a5,45
800002b0:	00f58023          	sb	a5,0(a1)
800002b4:	40a00533          	neg	a0,a0
800002b8:	00158593          	addi	a1,a1,1
800002bc:	fd5ff06f          	j	80000290 <itoa+0x28>
800002c0:	00058023          	sb	zero,0(a1)
800002c4:	00c12083          	lw	ra,12(sp)
800002c8:	00812403          	lw	s0,8(sp)
800002cc:	00000513          	li	a0,0
800002d0:	01010113          	addi	sp,sp,16
800002d4:	00008067          	ret

800002d8 <__utoa>:
__utoa():
800002d8:	00000797          	auipc	a5,0x0
800002dc:	4c478793          	addi	a5,a5,1220 # 8000079c <__modsi3+0x70>
800002e0:	0007a283          	lw	t0,0(a5)
800002e4:	0047af83          	lw	t6,4(a5)
800002e8:	0087af03          	lw	t5,8(a5)
800002ec:	00c7ae83          	lw	t4,12(a5)
800002f0:	0107ae03          	lw	t3,16(a5)
800002f4:	0147a303          	lw	t1,20(a5)
800002f8:	0187a883          	lw	a7,24(a5)
800002fc:	01c7a803          	lw	a6,28(a5)
80000300:	0207a683          	lw	a3,32(a5)
80000304:	00000797          	auipc	a5,0x0
80000308:	4bc7c783          	lbu	a5,1212(a5) # 800007c0 <__modsi3+0x94>
8000030c:	fb010113          	addi	sp,sp,-80
80000310:	03512a23          	sw	s5,52(sp)
80000314:	02f10623          	sb	a5,44(sp)
80000318:	04112623          	sw	ra,76(sp)
8000031c:	ffe60713          	addi	a4,a2,-2
80000320:	00512423          	sw	t0,8(sp)
80000324:	01f12623          	sw	t6,12(sp)
80000328:	01e12823          	sw	t5,16(sp)
8000032c:	01d12a23          	sw	t4,20(sp)
80000330:	01c12c23          	sw	t3,24(sp)
80000334:	00612e23          	sw	t1,28(sp)
80000338:	03112023          	sw	a7,32(sp)
8000033c:	03012223          	sw	a6,36(sp)
80000340:	02d12423          	sw	a3,40(sp)
80000344:	02200793          	li	a5,34
80000348:	00058a93          	mv	s5,a1
8000034c:	0ce7e463          	bltu	a5,a4,80000414 <__utoa+0x13c>
80000350:	04812423          	sw	s0,72(sp)
80000354:	04912223          	sw	s1,68(sp)
80000358:	05212023          	sw	s2,64(sp)
8000035c:	03312e23          	sw	s3,60(sp)
80000360:	03412c23          	sw	s4,56(sp)
80000364:	03612823          	sw	s6,48(sp)
80000368:	00060493          	mv	s1,a2
8000036c:	00050413          	mv	s0,a0
80000370:	00000913          	li	s2,0
80000374:	00048593          	mv	a1,s1
80000378:	00040513          	mv	a0,s0
8000037c:	37c000ef          	jal	800006f8 <__umodsi3>
80000380:	00250533          	add	a0,a0,sp
80000384:	00854783          	lbu	a5,8(a0)
80000388:	00090993          	mv	s3,s2
8000038c:	00190913          	addi	s2,s2,1
80000390:	012a8a33          	add	s4,s5,s2
80000394:	00040513          	mv	a0,s0
80000398:	00048593          	mv	a1,s1
8000039c:	fefa0fa3          	sb	a5,-1(s4)
800003a0:	00040b13          	mv	s6,s0
800003a4:	30c000ef          	jal	800006b0 <__hidden___udivsi3>
800003a8:	00050413          	mv	s0,a0
800003ac:	fc9b74e3          	bgeu	s6,s1,80000374 <__utoa+0x9c>
800003b0:	000a0023          	sb	zero,0(s4)
800003b4:	02098a63          	beqz	s3,800003e8 <__utoa+0x110>
800003b8:	000a8693          	mv	a3,s5
800003bc:	013a8733          	add	a4,s5,s3
800003c0:	00000793          	li	a5,0
800003c4:	00074583          	lbu	a1,0(a4)
800003c8:	0006c603          	lbu	a2,0(a3)
800003cc:	00178793          	addi	a5,a5,1
800003d0:	00b68023          	sb	a1,0(a3)
800003d4:	00c70023          	sb	a2,0(a4)
800003d8:	40f98633          	sub	a2,s3,a5
800003dc:	00168693          	addi	a3,a3,1
800003e0:	fff70713          	addi	a4,a4,-1
800003e4:	fec7c0e3          	blt	a5,a2,800003c4 <__utoa+0xec>
800003e8:	04812403          	lw	s0,72(sp)
800003ec:	04c12083          	lw	ra,76(sp)
800003f0:	04412483          	lw	s1,68(sp)
800003f4:	04012903          	lw	s2,64(sp)
800003f8:	03c12983          	lw	s3,60(sp)
800003fc:	03812a03          	lw	s4,56(sp)
80000400:	03012b03          	lw	s6,48(sp)
80000404:	000a8513          	mv	a0,s5
80000408:	03412a83          	lw	s5,52(sp)
8000040c:	05010113          	addi	sp,sp,80
80000410:	00008067          	ret
80000414:	00058023          	sb	zero,0(a1)
80000418:	04c12083          	lw	ra,76(sp)
8000041c:	03412a83          	lw	s5,52(sp)
80000420:	00000513          	li	a0,0
80000424:	05010113          	addi	sp,sp,80
80000428:	00008067          	ret

8000042c <strcat>:
strcat():
8000042c:	ff010113          	addi	sp,sp,-16
80000430:	00812423          	sw	s0,8(sp)
80000434:	00112623          	sw	ra,12(sp)
80000438:	00357793          	andi	a5,a0,3
8000043c:	00050413          	mv	s0,a0
80000440:	06079663          	bnez	a5,800004ac <strcat+0x80>
80000444:	00052703          	lw	a4,0(a0)
80000448:	feff0637          	lui	a2,0xfeff0
8000044c:	eff60613          	addi	a2,a2,-257 # fefefeff <__modsi3+0x7efef7d3>
80000450:	00c707b3          	add	a5,a4,a2
80000454:	808086b7          	lui	a3,0x80808
80000458:	fff74713          	not	a4,a4
8000045c:	00e7f7b3          	and	a5,a5,a4
80000460:	08068693          	addi	a3,a3,128 # 80808080 <__modsi3+0x807954>
80000464:	00d7f7b3          	and	a5,a5,a3
80000468:	04079263          	bnez	a5,800004ac <strcat+0x80>
8000046c:	00452703          	lw	a4,4(a0)
80000470:	00450513          	addi	a0,a0,4
80000474:	00c707b3          	add	a5,a4,a2
80000478:	fff74713          	not	a4,a4
8000047c:	00e7f7b3          	and	a5,a5,a4
80000480:	00d7f7b3          	and	a5,a5,a3
80000484:	02079463          	bnez	a5,800004ac <strcat+0x80>
80000488:	00452703          	lw	a4,4(a0)
8000048c:	00450513          	addi	a0,a0,4
80000490:	00c707b3          	add	a5,a4,a2
80000494:	fff74713          	not	a4,a4
80000498:	00e7f7b3          	and	a5,a5,a4
8000049c:	00d7f7b3          	and	a5,a5,a3
800004a0:	fc0786e3          	beqz	a5,8000046c <strcat+0x40>
800004a4:	0080006f          	j	800004ac <strcat+0x80>
800004a8:	00150513          	addi	a0,a0,1
800004ac:	00054783          	lbu	a5,0(a0)
800004b0:	fe079ce3          	bnez	a5,800004a8 <strcat+0x7c>
800004b4:	150000ef          	jal	80000604 <strcpy>
800004b8:	00c12083          	lw	ra,12(sp)
800004bc:	00040513          	mv	a0,s0
800004c0:	00812403          	lw	s0,8(sp)
800004c4:	01010113          	addi	sp,sp,16
800004c8:	00008067          	ret

800004cc <strncat>:
strncat():
800004cc:	00357713          	andi	a4,a0,3
800004d0:	00050793          	mv	a5,a0
800004d4:	06071663          	bnez	a4,80000540 <strncat+0x74>
800004d8:	00052683          	lw	a3,0(a0)
800004dc:	feff08b7          	lui	a7,0xfeff0
800004e0:	eff88893          	addi	a7,a7,-257 # fefefeff <__modsi3+0x7efef7d3>
800004e4:	01168733          	add	a4,a3,a7
800004e8:	80808837          	lui	a6,0x80808
800004ec:	fff6c693          	not	a3,a3
800004f0:	00d77733          	and	a4,a4,a3
800004f4:	08080813          	addi	a6,a6,128 # 80808080 <__modsi3+0x807954>
800004f8:	01077733          	and	a4,a4,a6
800004fc:	04071263          	bnez	a4,80000540 <strncat+0x74>
80000500:	0047a683          	lw	a3,4(a5)
80000504:	00478793          	addi	a5,a5,4
80000508:	01168733          	add	a4,a3,a7
8000050c:	fff6c693          	not	a3,a3
80000510:	00d77733          	and	a4,a4,a3
80000514:	01077733          	and	a4,a4,a6
80000518:	02071463          	bnez	a4,80000540 <strncat+0x74>
8000051c:	0047a683          	lw	a3,4(a5)
80000520:	00478793          	addi	a5,a5,4
80000524:	01168733          	add	a4,a3,a7
80000528:	fff6c693          	not	a3,a3
8000052c:	00d77733          	and	a4,a4,a3
80000530:	01077733          	and	a4,a4,a6
80000534:	fc0706e3          	beqz	a4,80000500 <strncat+0x34>
80000538:	0080006f          	j	80000540 <strncat+0x74>
8000053c:	00178793          	addi	a5,a5,1
80000540:	0007c703          	lbu	a4,0(a5)
80000544:	fe071ce3          	bnez	a4,8000053c <strncat+0x70>
80000548:	00c786b3          	add	a3,a5,a2
8000054c:	02060463          	beqz	a2,80000574 <strncat+0xa8>
80000550:	0005c703          	lbu	a4,0(a1)
80000554:	00178793          	addi	a5,a5,1
80000558:	00158593          	addi	a1,a1,1
8000055c:	fee78fa3          	sb	a4,-1(a5)
80000560:	00070863          	beqz	a4,80000570 <strncat+0xa4>
80000564:	fef696e3          	bne	a3,a5,80000550 <strncat+0x84>
80000568:	00068023          	sb	zero,0(a3)
8000056c:	00008067          	ret
80000570:	00008067          	ret
80000574:	00008067          	ret

80000578 <strlen>:
strlen():
80000578:	00357793          	andi	a5,a0,3
8000057c:	00050713          	mv	a4,a0
80000580:	04079c63          	bnez	a5,800005d8 <strlen+0x60>
80000584:	7f7f86b7          	lui	a3,0x7f7f8
80000588:	f7f68693          	addi	a3,a3,-129 # 7f7f7f7f <_start-0x808081>
8000058c:	fff00593          	li	a1,-1
80000590:	00072603          	lw	a2,0(a4)
80000594:	00470713          	addi	a4,a4,4
80000598:	00d677b3          	and	a5,a2,a3
8000059c:	00d787b3          	add	a5,a5,a3
800005a0:	00c7e7b3          	or	a5,a5,a2
800005a4:	00d7e7b3          	or	a5,a5,a3
800005a8:	feb784e3          	beq	a5,a1,80000590 <strlen+0x18>
800005ac:	ffc74683          	lbu	a3,-4(a4)
800005b0:	40a707b3          	sub	a5,a4,a0
800005b4:	04068463          	beqz	a3,800005fc <strlen+0x84>
800005b8:	ffd74683          	lbu	a3,-3(a4)
800005bc:	02068c63          	beqz	a3,800005f4 <strlen+0x7c>
800005c0:	ffe74503          	lbu	a0,-2(a4)
800005c4:	00a03533          	snez	a0,a0
800005c8:	00f50533          	add	a0,a0,a5
800005cc:	ffe50513          	addi	a0,a0,-2
800005d0:	00008067          	ret
800005d4:	fa0688e3          	beqz	a3,80000584 <strlen+0xc>
800005d8:	00074783          	lbu	a5,0(a4)
800005dc:	00170713          	addi	a4,a4,1
800005e0:	00377693          	andi	a3,a4,3
800005e4:	fe0798e3          	bnez	a5,800005d4 <strlen+0x5c>
800005e8:	40a70733          	sub	a4,a4,a0
800005ec:	fff70513          	addi	a0,a4,-1
800005f0:	00008067          	ret
800005f4:	ffd78513          	addi	a0,a5,-3
800005f8:	00008067          	ret
800005fc:	ffc78513          	addi	a0,a5,-4
80000600:	00008067          	ret

80000604 <strcpy>:
strcpy():
80000604:	00b567b3          	or	a5,a0,a1
80000608:	0037f793          	andi	a5,a5,3
8000060c:	08079063          	bnez	a5,8000068c <strcpy+0x88>
80000610:	0005a703          	lw	a4,0(a1)
80000614:	7f7f86b7          	lui	a3,0x7f7f8
80000618:	f7f68693          	addi	a3,a3,-129 # 7f7f7f7f <_start-0x808081>
8000061c:	00d77833          	and	a6,a4,a3
80000620:	00d80833          	add	a6,a6,a3
80000624:	00e86833          	or	a6,a6,a4
80000628:	00d86833          	or	a6,a6,a3
8000062c:	fff00793          	li	a5,-1
80000630:	00050613          	mv	a2,a0
80000634:	02f81463          	bne	a6,a5,8000065c <strcpy+0x58>
80000638:	00458593          	addi	a1,a1,4
8000063c:	00e62023          	sw	a4,0(a2)
80000640:	0005a703          	lw	a4,0(a1)
80000644:	00460613          	addi	a2,a2,4
80000648:	00d777b3          	and	a5,a4,a3
8000064c:	00d787b3          	add	a5,a5,a3
80000650:	00e7e7b3          	or	a5,a5,a4
80000654:	00d7e7b3          	or	a5,a5,a3
80000658:	ff0780e3          	beq	a5,a6,80000638 <strcpy+0x34>
8000065c:	0005c783          	lbu	a5,0(a1)
80000660:	0015c703          	lbu	a4,1(a1)
80000664:	0025c683          	lbu	a3,2(a1)
80000668:	00f60023          	sb	a5,0(a2)
8000066c:	00078a63          	beqz	a5,80000680 <strcpy+0x7c>
80000670:	00e600a3          	sb	a4,1(a2)
80000674:	00070663          	beqz	a4,80000680 <strcpy+0x7c>
80000678:	00d60123          	sb	a3,2(a2)
8000067c:	00069463          	bnez	a3,80000684 <strcpy+0x80>
80000680:	00008067          	ret
80000684:	000601a3          	sb	zero,3(a2)
80000688:	00008067          	ret
8000068c:	00050793          	mv	a5,a0
80000690:	0005c703          	lbu	a4,0(a1)
80000694:	00178793          	addi	a5,a5,1
80000698:	00158593          	addi	a1,a1,1
8000069c:	fee78fa3          	sb	a4,-1(a5)
800006a0:	fe0718e3          	bnez	a4,80000690 <strcpy+0x8c>
800006a4:	00008067          	ret

800006a8 <__divsi3>:
__divsi3():
800006a8:	06054063          	bltz	a0,80000708 <__umodsi3+0x10>
800006ac:	0605c663          	bltz	a1,80000718 <__umodsi3+0x20>

800006b0 <__hidden___udivsi3>:
800006b0:	00058613          	mv	a2,a1
800006b4:	00050593          	mv	a1,a0
800006b8:	fff00513          	li	a0,-1
800006bc:	02060c63          	beqz	a2,800006f4 <__hidden___udivsi3+0x44>
800006c0:	00100693          	li	a3,1
800006c4:	00b67a63          	bgeu	a2,a1,800006d8 <__hidden___udivsi3+0x28>
800006c8:	00c05863          	blez	a2,800006d8 <__hidden___udivsi3+0x28>
800006cc:	00161613          	slli	a2,a2,0x1
800006d0:	00169693          	slli	a3,a3,0x1
800006d4:	feb66ae3          	bltu	a2,a1,800006c8 <__hidden___udivsi3+0x18>
800006d8:	00000513          	li	a0,0
800006dc:	00c5e663          	bltu	a1,a2,800006e8 <__hidden___udivsi3+0x38>
800006e0:	40c585b3          	sub	a1,a1,a2
800006e4:	00d56533          	or	a0,a0,a3
800006e8:	0016d693          	srli	a3,a3,0x1
800006ec:	00165613          	srli	a2,a2,0x1
800006f0:	fe0696e3          	bnez	a3,800006dc <__hidden___udivsi3+0x2c>
800006f4:	00008067          	ret

800006f8 <__umodsi3>:
800006f8:	00008293          	mv	t0,ra
800006fc:	fb5ff0ef          	jal	800006b0 <__hidden___udivsi3>
80000700:	00058513          	mv	a0,a1
80000704:	00028067          	jr	t0
80000708:	40a00533          	neg	a0,a0
8000070c:	00b04863          	bgtz	a1,8000071c <__umodsi3+0x24>
80000710:	40b005b3          	neg	a1,a1
80000714:	f9dff06f          	j	800006b0 <__hidden___udivsi3>
80000718:	40b005b3          	neg	a1,a1
8000071c:	00008293          	mv	t0,ra
80000720:	f91ff0ef          	jal	800006b0 <__hidden___udivsi3>
80000724:	40a00533          	neg	a0,a0
80000728:	00028067          	jr	t0

8000072c <__modsi3>:
__modsi3():
8000072c:	00008293          	mv	t0,ra
80000730:	0005ca63          	bltz	a1,80000744 <__modsi3+0x18>
80000734:	00054c63          	bltz	a0,8000074c <__modsi3+0x20>
80000738:	f79ff0ef          	jal	800006b0 <__hidden___udivsi3>
8000073c:	00058513          	mv	a0,a1
80000740:	00028067          	jr	t0
80000744:	40b005b3          	neg	a1,a1
80000748:	fe0558e3          	bgez	a0,80000738 <__modsi3+0xc>
8000074c:	40a00533          	neg	a0,a0
80000750:	f61ff0ef          	jal	800006b0 <__hidden___udivsi3>
80000754:	40b00533          	neg	a0,a1
80000758:	00028067          	jr	t0
